mode: atomic
github.com/tevfik/gleann/internal/graph/kuzu/db.go:35.50,37.2 1 62
github.com/tevfik/gleann/internal/graph/kuzu/db.go:40.38,42.2 1 0
github.com/tevfik/gleann/internal/graph/kuzu/db.go:45.57,47.16 2 221
github.com/tevfik/gleann/internal/graph/kuzu/db.go:47.16,49.3 1 0
github.com/tevfik/gleann/internal/graph/kuzu/db.go:50.2,51.12 2 221
github.com/tevfik/gleann/internal/graph/kuzu/db.go:61.36,62.15 1 37
github.com/tevfik/gleann/internal/graph/kuzu/db.go:62.15,64.17 2 37
github.com/tevfik/gleann/internal/graph/kuzu/db.go:64.17,66.4 1 0
github.com/tevfik/gleann/internal/graph/kuzu/db.go:67.3,67.24 1 37
github.com/tevfik/gleann/internal/graph/kuzu/db.go:70.2,72.16 3 0
github.com/tevfik/gleann/internal/graph/kuzu/db.go:72.16,74.3 1 0
github.com/tevfik/gleann/internal/graph/kuzu/db.go:75.2,80.48 2 0
github.com/tevfik/gleann/internal/graph/kuzu/db.go:80.48,82.3 1 0
github.com/tevfik/gleann/internal/graph/kuzu/db.go:83.2,83.71 1 0
github.com/tevfik/gleann/internal/graph/kuzu/db.go:83.71,85.3 1 0
github.com/tevfik/gleann/internal/graph/kuzu/db.go:87.2,89.66 3 0
github.com/tevfik/gleann/internal/graph/kuzu/db.go:89.66,91.3 1 0
github.com/tevfik/gleann/internal/graph/kuzu/db.go:92.2,93.16 2 0
github.com/tevfik/gleann/internal/graph/kuzu/db.go:93.16,95.3 1 0
github.com/tevfik/gleann/internal/graph/kuzu/db.go:96.2,96.23 1 0
github.com/tevfik/gleann/internal/graph/kuzu/db.go:101.49,103.16 2 37
github.com/tevfik/gleann/internal/graph/kuzu/db.go:103.16,106.3 2 0
github.com/tevfik/gleann/internal/graph/kuzu/db.go:108.2,109.39 2 37
github.com/tevfik/gleann/internal/graph/kuzu/db.go:109.39,112.3 2 0
github.com/tevfik/gleann/internal/graph/kuzu/db.go:113.2,113.15 1 37
github.com/tevfik/gleann/internal/graph/kuzu/db.go:117.22,118.19 1 37
github.com/tevfik/gleann/internal/graph/kuzu/db.go:118.19,120.3 1 37
github.com/tevfik/gleann/internal/graph/kuzu/db.go:121.2,121.17 1 37
github.com/tevfik/gleann/internal/graph/kuzu/db.go:121.17,123.3 1 37
github.com/tevfik/gleann/internal/graph/kuzu/db.go:127.40,129.16 2 831
github.com/tevfik/gleann/internal/graph/kuzu/db.go:129.16,131.3 1 0
github.com/tevfik/gleann/internal/graph/kuzu/db.go:132.2,133.12 2 831
github.com/tevfik/gleann/internal/graph/kuzu/db.go:137.33,274.27 2 37
github.com/tevfik/gleann/internal/graph/kuzu/db.go:274.27,275.37 1 740
github.com/tevfik/gleann/internal/graph/kuzu/db.go:275.37,277.4 1 0
github.com/tevfik/gleann/internal/graph/kuzu/db.go:279.2,279.12 1 37
github.com/tevfik/gleann/internal/graph/kuzu/db.go:282.24,283.11 1 0
github.com/tevfik/gleann/internal/graph/kuzu/db.go:283.11,285.3 1 0
github.com/tevfik/gleann/internal/graph/kuzu/db.go:286.2,286.10 1 0
github.com/tevfik/gleann/internal/graph/kuzu/leann_syncer.go:40.112,46.2 1 2
github.com/tevfik/gleann/internal/graph/kuzu/leann_syncer.go:54.107,55.22 1 2
github.com/tevfik/gleann/internal/graph/kuzu/leann_syncer.go:55.22,57.3 1 2
github.com/tevfik/gleann/internal/graph/kuzu/leann_syncer.go:58.2,58.19 1 0
github.com/tevfik/gleann/internal/graph/kuzu/leann_syncer.go:58.19,60.3 1 0
github.com/tevfik/gleann/internal/graph/kuzu/leann_syncer.go:62.2,67.26 2 0
github.com/tevfik/gleann/internal/graph/kuzu/leann_syncer.go:67.26,68.45 1 0
github.com/tevfik/gleann/internal/graph/kuzu/leann_syncer.go:68.45,70.4 1 0
github.com/tevfik/gleann/internal/graph/kuzu/leann_syncer.go:73.2,81.79 4 0
github.com/tevfik/gleann/internal/graph/kuzu/leann_syncer.go:81.79,83.3 1 0
github.com/tevfik/gleann/internal/graph/kuzu/leann_syncer.go:84.2,84.12 1 0
github.com/tevfik/gleann/internal/graph/kuzu/leann_syncer.go:90.79,91.22 1 1
github.com/tevfik/gleann/internal/graph/kuzu/leann_syncer.go:91.22,93.3 1 1
github.com/tevfik/gleann/internal/graph/kuzu/leann_syncer.go:95.2,100.82 4 0
github.com/tevfik/gleann/internal/graph/kuzu/leann_syncer.go:100.82,102.3 1 0
github.com/tevfik/gleann/internal/graph/kuzu/leann_syncer.go:103.2,103.12 1 0
github.com/tevfik/gleann/internal/graph/kuzu/memory_service.go:49.67,51.2 1 29
github.com/tevfik/gleann/internal/graph/kuzu/memory_service.go:67.105,72.16 4 38
github.com/tevfik/gleann/internal/graph/kuzu/memory_service.go:72.16,74.3 1 0
github.com/tevfik/gleann/internal/graph/kuzu/memory_service.go:75.2,83.34 4 38
github.com/tevfik/gleann/internal/graph/kuzu/memory_service.go:83.34,92.3 4 55
github.com/tevfik/gleann/internal/graph/kuzu/memory_service.go:95.2,95.31 1 38
github.com/tevfik/gleann/internal/graph/kuzu/memory_service.go:95.31,98.17 3 55
github.com/tevfik/gleann/internal/graph/kuzu/memory_service.go:98.17,100.4 1 0
github.com/tevfik/gleann/internal/graph/kuzu/memory_service.go:101.3,101.82 1 55
github.com/tevfik/gleann/internal/graph/kuzu/memory_service.go:104.2,104.31 1 38
github.com/tevfik/gleann/internal/graph/kuzu/memory_service.go:104.31,106.26 2 16
github.com/tevfik/gleann/internal/graph/kuzu/memory_service.go:106.26,108.4 1 13
github.com/tevfik/gleann/internal/graph/kuzu/memory_service.go:109.3,109.47 1 16
github.com/tevfik/gleann/internal/graph/kuzu/memory_service.go:109.47,111.4 1 15
github.com/tevfik/gleann/internal/graph/kuzu/memory_service.go:112.3,114.17 3 16
github.com/tevfik/gleann/internal/graph/kuzu/memory_service.go:114.17,116.4 1 0
github.com/tevfik/gleann/internal/graph/kuzu/memory_service.go:117.3,117.94 1 16
github.com/tevfik/gleann/internal/graph/kuzu/memory_service.go:120.2,120.48 1 38
github.com/tevfik/gleann/internal/graph/kuzu/memory_service.go:120.48,122.3 1 0
github.com/tevfik/gleann/internal/graph/kuzu/memory_service.go:124.2,124.21 1 38
github.com/tevfik/gleann/internal/graph/kuzu/memory_service.go:124.21,125.32 1 15
github.com/tevfik/gleann/internal/graph/kuzu/memory_service.go:125.32,127.23 2 19
github.com/tevfik/gleann/internal/graph/kuzu/memory_service.go:127.23,128.13 1 2
github.com/tevfik/gleann/internal/graph/kuzu/memory_service.go:130.4,130.84 1 17
github.com/tevfik/gleann/internal/graph/kuzu/memory_service.go:130.84,132.5 1 1
github.com/tevfik/gleann/internal/graph/kuzu/memory_service.go:135.2,135.12 1 37
github.com/tevfik/gleann/internal/graph/kuzu/memory_service.go:141.76,146.16 4 5
github.com/tevfik/gleann/internal/graph/kuzu/memory_service.go:146.16,148.3 1 0
github.com/tevfik/gleann/internal/graph/kuzu/memory_service.go:149.2,153.52 3 5
github.com/tevfik/gleann/internal/graph/kuzu/memory_service.go:153.52,155.3 1 0
github.com/tevfik/gleann/internal/graph/kuzu/memory_service.go:157.2,157.21 1 5
github.com/tevfik/gleann/internal/graph/kuzu/memory_service.go:157.21,158.59 1 2
github.com/tevfik/gleann/internal/graph/kuzu/memory_service.go:158.59,160.4 1 0
github.com/tevfik/gleann/internal/graph/kuzu/memory_service.go:163.2,163.12 1 5
github.com/tevfik/gleann/internal/graph/kuzu/memory_service.go:169.96,174.16 4 2
github.com/tevfik/gleann/internal/graph/kuzu/memory_service.go:174.16,176.3 1 0
github.com/tevfik/gleann/internal/graph/kuzu/memory_service.go:177.2,183.52 3 2
github.com/tevfik/gleann/internal/graph/kuzu/memory_service.go:183.52,185.3 1 0
github.com/tevfik/gleann/internal/graph/kuzu/memory_service.go:187.2,187.12 1 2
github.com/tevfik/gleann/internal/graph/kuzu/memory_service.go:197.140,198.15 1 17
github.com/tevfik/gleann/internal/graph/kuzu/memory_service.go:198.15,200.3 1 1
github.com/tevfik/gleann/internal/graph/kuzu/memory_service.go:201.2,201.16 1 17
github.com/tevfik/gleann/internal/graph/kuzu/memory_service.go:201.16,203.3 1 1
github.com/tevfik/gleann/internal/graph/kuzu/memory_service.go:205.2,206.16 2 17
github.com/tevfik/gleann/internal/graph/kuzu/memory_service.go:206.16,208.3 1 0
github.com/tevfik/gleann/internal/graph/kuzu/memory_service.go:209.2,212.16 2 17
github.com/tevfik/gleann/internal/graph/kuzu/memory_service.go:212.16,218.17 3 4
github.com/tevfik/gleann/internal/graph/kuzu/memory_service.go:218.17,220.4 1 0
github.com/tevfik/gleann/internal/graph/kuzu/memory_service.go:221.3,223.17 3 4
github.com/tevfik/gleann/internal/graph/kuzu/memory_service.go:223.17,225.4 1 0
github.com/tevfik/gleann/internal/graph/kuzu/memory_service.go:226.3,226.25 1 4
github.com/tevfik/gleann/internal/graph/kuzu/memory_service.go:231.2,237.16 3 13
github.com/tevfik/gleann/internal/graph/kuzu/memory_service.go:237.16,239.3 1 0
github.com/tevfik/gleann/internal/graph/kuzu/memory_service.go:240.2,243.16 3 13
github.com/tevfik/gleann/internal/graph/kuzu/memory_service.go:243.16,245.3 1 0
github.com/tevfik/gleann/internal/graph/kuzu/memory_service.go:247.2,247.21 1 13
github.com/tevfik/gleann/internal/graph/kuzu/memory_service.go:247.21,249.3 1 1
github.com/tevfik/gleann/internal/graph/kuzu/memory_service.go:254.2,266.16 3 12
github.com/tevfik/gleann/internal/graph/kuzu/memory_service.go:266.16,268.3 1 0
github.com/tevfik/gleann/internal/graph/kuzu/memory_service.go:269.2,272.16 3 12
github.com/tevfik/gleann/internal/graph/kuzu/memory_service.go:272.16,274.3 1 0
github.com/tevfik/gleann/internal/graph/kuzu/memory_service.go:276.2,276.26 1 12
github.com/tevfik/gleann/internal/graph/kuzu/memory_service.go:286.71,291.2 1 55
github.com/tevfik/gleann/internal/graph/kuzu/memory_service.go:296.96,303.2 1 16
github.com/tevfik/gleann/internal/graph/kuzu/memory_service.go:309.84,311.20 2 17
github.com/tevfik/gleann/internal/graph/kuzu/memory_service.go:311.20,313.17 2 29
github.com/tevfik/gleann/internal/graph/kuzu/memory_service.go:313.17,315.4 1 0
github.com/tevfik/gleann/internal/graph/kuzu/memory_service.go:316.3,317.17 2 29
github.com/tevfik/gleann/internal/graph/kuzu/memory_service.go:317.17,319.4 1 0
github.com/tevfik/gleann/internal/graph/kuzu/memory_service.go:320.3,326.5 2 29
github.com/tevfik/gleann/internal/graph/kuzu/memory_service.go:328.2,328.17 1 17
github.com/tevfik/gleann/internal/graph/kuzu/memory_service.go:334.84,336.20 2 12
github.com/tevfik/gleann/internal/graph/kuzu/memory_service.go:336.20,338.17 2 14
github.com/tevfik/gleann/internal/graph/kuzu/memory_service.go:338.17,340.4 1 0
github.com/tevfik/gleann/internal/graph/kuzu/memory_service.go:341.3,342.17 2 14
github.com/tevfik/gleann/internal/graph/kuzu/memory_service.go:342.17,344.4 1 0
github.com/tevfik/gleann/internal/graph/kuzu/memory_service.go:345.3,347.41 3 14
github.com/tevfik/gleann/internal/graph/kuzu/memory_service.go:347.41,349.4 1 14
github.com/tevfik/gleann/internal/graph/kuzu/memory_service.go:350.3,356.5 1 14
github.com/tevfik/gleann/internal/graph/kuzu/memory_service.go:358.2,358.17 1 12
github.com/tevfik/gleann/internal/graph/kuzu/query.go:14.71,16.20 2 12
github.com/tevfik/gleann/internal/graph/kuzu/query.go:16.20,18.17 2 14
github.com/tevfik/gleann/internal/graph/kuzu/query.go:18.17,20.4 1 0
github.com/tevfik/gleann/internal/graph/kuzu/query.go:21.3,22.17 2 14
github.com/tevfik/gleann/internal/graph/kuzu/query.go:22.17,24.4 1 0
github.com/tevfik/gleann/internal/graph/kuzu/query.go:25.3,29.5 1 14
github.com/tevfik/gleann/internal/graph/kuzu/query.go:31.2,31.17 1 12
github.com/tevfik/gleann/internal/graph/kuzu/query.go:35.65,42.16 3 1
github.com/tevfik/gleann/internal/graph/kuzu/query.go:42.16,44.3 1 0
github.com/tevfik/gleann/internal/graph/kuzu/query.go:45.2,46.28 2 1
github.com/tevfik/gleann/internal/graph/kuzu/query.go:50.65,57.16 3 4
github.com/tevfik/gleann/internal/graph/kuzu/query.go:57.16,59.3 1 0
github.com/tevfik/gleann/internal/graph/kuzu/query.go:60.2,61.28 2 4
github.com/tevfik/gleann/internal/graph/kuzu/query.go:65.70,72.16 3 5
github.com/tevfik/gleann/internal/graph/kuzu/query.go:72.16,74.3 1 0
github.com/tevfik/gleann/internal/graph/kuzu/query.go:75.2,76.28 2 5
github.com/tevfik/gleann/internal/graph/kuzu/query.go:83.82,91.16 3 0
github.com/tevfik/gleann/internal/graph/kuzu/query.go:91.16,93.3 1 0
github.com/tevfik/gleann/internal/graph/kuzu/query.go:94.2,96.20 3 0
github.com/tevfik/gleann/internal/graph/kuzu/query.go:96.20,98.17 2 0
github.com/tevfik/gleann/internal/graph/kuzu/query.go:98.17,100.4 1 0
github.com/tevfik/gleann/internal/graph/kuzu/query.go:101.3,102.17 2 0
github.com/tevfik/gleann/internal/graph/kuzu/query.go:102.17,104.4 1 0
github.com/tevfik/gleann/internal/graph/kuzu/query.go:107.3,109.65 3 0
github.com/tevfik/gleann/internal/graph/kuzu/query.go:109.65,111.4 1 0
github.com/tevfik/gleann/internal/graph/kuzu/query.go:112.3,119.5 1 0
github.com/tevfik/gleann/internal/graph/kuzu/query.go:121.2,121.17 1 0
github.com/tevfik/gleann/internal/graph/kuzu/query.go:125.75,129.16 2 0
github.com/tevfik/gleann/internal/graph/kuzu/query.go:129.16,131.3 1 0
github.com/tevfik/gleann/internal/graph/kuzu/query.go:132.2,140.16 4 0
github.com/tevfik/gleann/internal/graph/kuzu/query.go:140.16,142.3 1 0
github.com/tevfik/gleann/internal/graph/kuzu/query.go:143.2,146.20 3 0
github.com/tevfik/gleann/internal/graph/kuzu/query.go:146.20,148.17 2 0
github.com/tevfik/gleann/internal/graph/kuzu/query.go:148.17,150.4 1 0
github.com/tevfik/gleann/internal/graph/kuzu/query.go:152.3,153.17 2 0
github.com/tevfik/gleann/internal/graph/kuzu/query.go:153.17,154.12 1 0
github.com/tevfik/gleann/internal/graph/kuzu/query.go:157.3,162.5 1 0
github.com/tevfik/gleann/internal/graph/kuzu/query.go:164.2,164.17 1 0
github.com/tevfik/gleann/internal/graph/kuzu/query.go:168.81,177.16 3 0
github.com/tevfik/gleann/internal/graph/kuzu/query.go:177.16,179.3 1 0
github.com/tevfik/gleann/internal/graph/kuzu/query.go:180.2,182.20 2 0
github.com/tevfik/gleann/internal/graph/kuzu/query.go:182.20,184.3 1 0
github.com/tevfik/gleann/internal/graph/kuzu/query.go:186.2,187.16 2 0
github.com/tevfik/gleann/internal/graph/kuzu/query.go:187.16,189.3 1 0
github.com/tevfik/gleann/internal/graph/kuzu/query.go:191.2,192.16 2 0
github.com/tevfik/gleann/internal/graph/kuzu/query.go:192.16,194.3 1 0
github.com/tevfik/gleann/internal/graph/kuzu/query.go:196.2,202.8 1 0
github.com/tevfik/gleann/internal/graph/kuzu/query.go:206.27,207.14 1 172
github.com/tevfik/gleann/internal/graph/kuzu/query.go:207.14,209.3 1 0
github.com/tevfik/gleann/internal/graph/kuzu/query.go:210.2,210.22 1 172
github.com/tevfik/gleann/internal/graph/kuzu/query.go:215.57,223.16 3 0
github.com/tevfik/gleann/internal/graph/kuzu/query.go:223.16,225.3 1 0
github.com/tevfik/gleann/internal/graph/kuzu/query.go:226.2,229.20 3 0
github.com/tevfik/gleann/internal/graph/kuzu/query.go:229.20,231.17 2 0
github.com/tevfik/gleann/internal/graph/kuzu/query.go:231.17,233.4 1 0
github.com/tevfik/gleann/internal/graph/kuzu/query.go:234.3,235.17 2 0
github.com/tevfik/gleann/internal/graph/kuzu/query.go:235.17,237.4 1 0
github.com/tevfik/gleann/internal/graph/kuzu/query.go:238.3,238.38 1 0
github.com/tevfik/gleann/internal/graph/kuzu/query.go:238.38,240.4 1 0
github.com/tevfik/gleann/internal/graph/kuzu/query.go:243.2,243.21 1 0
github.com/tevfik/gleann/internal/graph/kuzu/query.go:243.21,245.3 1 0
github.com/tevfik/gleann/internal/graph/kuzu/query.go:247.2,247.41 1 0
github.com/tevfik/gleann/internal/graph/kuzu/query.go:253.77,254.36 1 1
github.com/tevfik/gleann/internal/graph/kuzu/query.go:254.36,256.3 1 0
github.com/tevfik/gleann/internal/graph/kuzu/query.go:258.2,265.16 3 1
github.com/tevfik/gleann/internal/graph/kuzu/query.go:265.16,267.3 1 0
github.com/tevfik/gleann/internal/graph/kuzu/query.go:268.2,268.34 1 1
github.com/tevfik/gleann/internal/graph/kuzu/query.go:268.34,270.3 1 1
github.com/tevfik/gleann/internal/graph/kuzu/query.go:273.2,276.34 4 1
github.com/tevfik/gleann/internal/graph/kuzu/query.go:276.34,277.22 1 1
github.com/tevfik/gleann/internal/graph/kuzu/query.go:277.22,280.4 2 1
github.com/tevfik/gleann/internal/graph/kuzu/query.go:283.2,283.62 1 1
github.com/tevfik/gleann/internal/graph/kuzu/query.go:283.62,285.29 2 2
github.com/tevfik/gleann/internal/graph/kuzu/query.go:285.29,287.18 2 3
github.com/tevfik/gleann/internal/graph/kuzu/query.go:287.18,288.13 1 0
github.com/tevfik/gleann/internal/graph/kuzu/query.go:290.4,290.30 1 3
github.com/tevfik/gleann/internal/graph/kuzu/query.go:290.30,291.24 1 2
github.com/tevfik/gleann/internal/graph/kuzu/query.go:291.24,295.6 3 2
github.com/tevfik/gleann/internal/graph/kuzu/query.go:298.3,298.20 1 2
github.com/tevfik/gleann/internal/graph/kuzu/query.go:302.2,304.34 3 1
github.com/tevfik/gleann/internal/graph/kuzu/query.go:304.34,310.17 3 3
github.com/tevfik/gleann/internal/graph/kuzu/query.go:310.17,311.12 1 0
github.com/tevfik/gleann/internal/graph/kuzu/query.go:313.3,313.21 1 3
github.com/tevfik/gleann/internal/graph/kuzu/query.go:313.21,315.18 2 3
github.com/tevfik/gleann/internal/graph/kuzu/query.go:315.18,316.10 1 0
github.com/tevfik/gleann/internal/graph/kuzu/query.go:318.4,319.18 2 3
github.com/tevfik/gleann/internal/graph/kuzu/query.go:319.18,320.10 1 0
github.com/tevfik/gleann/internal/graph/kuzu/query.go:322.4,322.42 1 3
github.com/tevfik/gleann/internal/graph/kuzu/query.go:322.42,324.5 1 3
github.com/tevfik/gleann/internal/graph/kuzu/query.go:326.3,326.14 1 3
github.com/tevfik/gleann/internal/graph/kuzu/query.go:329.2,329.25 1 1
github.com/tevfik/gleann/internal/graph/kuzu/query.go:329.25,331.3 1 2
github.com/tevfik/gleann/internal/graph/kuzu/query.go:333.2,333.20 1 1
github.com/tevfik/gleann/internal/graph/kuzu/query.go:337.78,338.19 1 1
github.com/tevfik/gleann/internal/graph/kuzu/query.go:338.19,340.3 1 0
github.com/tevfik/gleann/internal/graph/kuzu/query.go:341.2,341.18 1 1
github.com/tevfik/gleann/internal/graph/kuzu/query.go:341.18,343.3 1 0
github.com/tevfik/gleann/internal/graph/kuzu/query.go:345.2,349.65 4 1
github.com/tevfik/gleann/internal/graph/kuzu/query.go:349.65,351.33 2 1
github.com/tevfik/gleann/internal/graph/kuzu/query.go:351.33,357.52 2 1
github.com/tevfik/gleann/internal/graph/kuzu/query.go:357.52,358.23 1 1
github.com/tevfik/gleann/internal/graph/kuzu/query.go:358.23,366.26 5 1
github.com/tevfik/gleann/internal/graph/kuzu/query.go:366.26,369.7 2 1
github.com/tevfik/gleann/internal/graph/kuzu/query.go:371.5,371.16 1 1
github.com/tevfik/gleann/internal/graph/kuzu/query.go:375.4,379.52 2 1
github.com/tevfik/gleann/internal/graph/kuzu/query.go:379.52,380.23 1 1
github.com/tevfik/gleann/internal/graph/kuzu/query.go:380.23,388.26 5 2
github.com/tevfik/gleann/internal/graph/kuzu/query.go:388.26,391.7 2 2
github.com/tevfik/gleann/internal/graph/kuzu/query.go:393.5,393.16 1 1
github.com/tevfik/gleann/internal/graph/kuzu/query.go:397.4,401.52 2 1
github.com/tevfik/gleann/internal/graph/kuzu/query.go:401.52,402.23 1 1
github.com/tevfik/gleann/internal/graph/kuzu/query.go:402.23,410.26 5 0
github.com/tevfik/gleann/internal/graph/kuzu/query.go:410.26,413.7 2 0
github.com/tevfik/gleann/internal/graph/kuzu/query.go:415.5,415.16 1 1
github.com/tevfik/gleann/internal/graph/kuzu/query.go:419.4,423.52 2 1
github.com/tevfik/gleann/internal/graph/kuzu/query.go:423.52,424.23 1 1
github.com/tevfik/gleann/internal/graph/kuzu/query.go:424.23,432.26 5 0
github.com/tevfik/gleann/internal/graph/kuzu/query.go:432.26,435.7 2 0
github.com/tevfik/gleann/internal/graph/kuzu/query.go:437.5,437.16 1 1
github.com/tevfik/gleann/internal/graph/kuzu/query.go:440.3,440.26 1 1
github.com/tevfik/gleann/internal/graph/kuzu/query.go:443.2,443.19 1 1
github.com/tevfik/gleann/internal/graph/kuzu/query.go:447.77,458.44 5 3
github.com/tevfik/gleann/internal/graph/kuzu/query.go:458.44,462.27 3 11
github.com/tevfik/gleann/internal/graph/kuzu/query.go:462.27,466.24 3 2
github.com/tevfik/gleann/internal/graph/kuzu/query.go:466.24,472.5 3 4
github.com/tevfik/gleann/internal/graph/kuzu/query.go:473.4,473.20 1 2
github.com/tevfik/gleann/internal/graph/kuzu/query.go:477.3,481.51 2 9
github.com/tevfik/gleann/internal/graph/kuzu/query.go:481.51,482.22 1 9
github.com/tevfik/gleann/internal/graph/kuzu/query.go:482.22,486.23 4 7
github.com/tevfik/gleann/internal/graph/kuzu/query.go:486.23,490.6 3 4
github.com/tevfik/gleann/internal/graph/kuzu/query.go:492.4,492.15 1 9
github.com/tevfik/gleann/internal/graph/kuzu/query.go:496.3,500.51 2 9
github.com/tevfik/gleann/internal/graph/kuzu/query.go:500.51,501.22 1 9
github.com/tevfik/gleann/internal/graph/kuzu/query.go:501.22,505.23 4 8
github.com/tevfik/gleann/internal/graph/kuzu/query.go:505.23,509.6 3 5
github.com/tevfik/gleann/internal/graph/kuzu/query.go:511.4,511.15 1 9
github.com/tevfik/gleann/internal/graph/kuzu/query.go:515.3,519.51 2 9
github.com/tevfik/gleann/internal/graph/kuzu/query.go:519.51,520.22 1 9
github.com/tevfik/gleann/internal/graph/kuzu/query.go:520.22,524.23 4 0
github.com/tevfik/gleann/internal/graph/kuzu/query.go:524.23,528.6 3 0
github.com/tevfik/gleann/internal/graph/kuzu/query.go:530.4,530.15 1 9
github.com/tevfik/gleann/internal/graph/kuzu/query.go:534.2,534.109 1 1
github.com/tevfik/gleann/internal/graph/kuzu/query.go:538.68,547.16 3 2
github.com/tevfik/gleann/internal/graph/kuzu/query.go:547.16,549.3 1 0
github.com/tevfik/gleann/internal/graph/kuzu/query.go:550.2,551.28 2 2
github.com/tevfik/gleann/internal/graph/kuzu/query.go:555.50,559.87 2 1
github.com/tevfik/gleann/internal/graph/kuzu/query.go:559.87,560.20 1 1
github.com/tevfik/gleann/internal/graph/kuzu/query.go:560.20,564.4 3 1
github.com/tevfik/gleann/internal/graph/kuzu/query.go:565.3,565.14 1 1
github.com/tevfik/gleann/internal/graph/kuzu/query.go:569.2,569.85 1 1
github.com/tevfik/gleann/internal/graph/kuzu/query.go:569.85,570.20 1 1
github.com/tevfik/gleann/internal/graph/kuzu/query.go:570.20,574.4 3 1
github.com/tevfik/gleann/internal/graph/kuzu/query.go:575.3,575.14 1 1
github.com/tevfik/gleann/internal/graph/kuzu/query.go:579.2,579.91 1 1
github.com/tevfik/gleann/internal/graph/kuzu/query.go:579.91,580.20 1 1
github.com/tevfik/gleann/internal/graph/kuzu/query.go:580.20,584.4 3 1
github.com/tevfik/gleann/internal/graph/kuzu/query.go:585.3,585.14 1 1
github.com/tevfik/gleann/internal/graph/kuzu/query.go:589.2,589.94 1 1
github.com/tevfik/gleann/internal/graph/kuzu/query.go:589.94,590.20 1 1
github.com/tevfik/gleann/internal/graph/kuzu/query.go:590.20,594.4 3 1
github.com/tevfik/gleann/internal/graph/kuzu/query.go:595.3,595.14 1 1
github.com/tevfik/gleann/internal/graph/kuzu/query.go:599.2,599.96 1 1
github.com/tevfik/gleann/internal/graph/kuzu/query.go:599.96,600.20 1 1
github.com/tevfik/gleann/internal/graph/kuzu/query.go:600.20,604.4 3 1
github.com/tevfik/gleann/internal/graph/kuzu/query.go:605.3,605.14 1 1
github.com/tevfik/gleann/internal/graph/kuzu/query.go:608.2,608.19 1 1
github.com/tevfik/gleann/internal/graph/kuzu/query.go:611.23,612.14 1 5
github.com/tevfik/gleann/internal/graph/kuzu/query.go:612.14,614.3 1 0
github.com/tevfik/gleann/internal/graph/kuzu/query.go:615.2,615.23 1 5
github.com/tevfik/gleann/internal/graph/kuzu/query.go:616.13,617.16 1 5
github.com/tevfik/gleann/internal/graph/kuzu/query.go:618.15,619.16 1 0
github.com/tevfik/gleann/internal/graph/kuzu/query.go:620.10,621.11 1 0
github.com/tevfik/gleann/internal/graph/kuzu/writer.go:51.50,57.2 2 14
github.com/tevfik/gleann/internal/graph/kuzu/writer.go:61.47,63.12 2 25
github.com/tevfik/gleann/internal/graph/kuzu/writer.go:63.12,65.3 1 25
github.com/tevfik/gleann/internal/graph/kuzu/writer.go:66.2,71.23 2 25
github.com/tevfik/gleann/internal/graph/kuzu/writer.go:75.60,82.2 2 25
github.com/tevfik/gleann/internal/graph/kuzu/writer.go:85.58,92.2 2 17
github.com/tevfik/gleann/internal/graph/kuzu/writer.go:95.60,102.2 2 0
github.com/tevfik/gleann/internal/graph/kuzu/writer.go:105.65,112.2 2 0
github.com/tevfik/gleann/internal/graph/kuzu/writer.go:119.46,124.2 1 0
github.com/tevfik/gleann/internal/graph/kuzu/writer.go:129.35,134.2 1 0
github.com/tevfik/gleann/internal/graph/kuzu/writer.go:140.64,141.23 1 45
github.com/tevfik/gleann/internal/graph/kuzu/writer.go:141.23,143.3 1 1
github.com/tevfik/gleann/internal/graph/kuzu/writer.go:144.2,144.58 1 44
github.com/tevfik/gleann/internal/graph/kuzu/writer.go:144.58,146.3 1 0
github.com/tevfik/gleann/internal/graph/kuzu/writer.go:147.2,147.28 1 44
github.com/tevfik/gleann/internal/graph/kuzu/writer.go:147.28,148.41 1 133
github.com/tevfik/gleann/internal/graph/kuzu/writer.go:148.41,151.25 3 0
github.com/tevfik/gleann/internal/graph/kuzu/writer.go:151.25,153.5 1 0
github.com/tevfik/gleann/internal/graph/kuzu/writer.go:154.4,154.53 1 0
github.com/tevfik/gleann/internal/graph/kuzu/writer.go:157.2,157.47 1 44
github.com/tevfik/gleann/internal/graph/kuzu/writer.go:157.47,160.3 2 0
github.com/tevfik/gleann/internal/graph/kuzu/writer.go:161.2,161.12 1 44
github.com/tevfik/gleann/internal/graph/kuzu/writer.go:168.76,171.2 2 0
github.com/tevfik/gleann/internal/graph/kuzu/writer.go:174.61,176.16 2 0
github.com/tevfik/gleann/internal/graph/kuzu/writer.go:176.16,178.3 1 0
github.com/tevfik/gleann/internal/graph/kuzu/writer.go:179.2,182.58 3 0
github.com/tevfik/gleann/internal/graph/kuzu/writer.go:182.58,184.3 1 0
github.com/tevfik/gleann/internal/graph/kuzu/writer.go:185.2,185.27 1 0
github.com/tevfik/gleann/internal/graph/kuzu/writer.go:185.27,186.61 1 0
github.com/tevfik/gleann/internal/graph/kuzu/writer.go:186.61,188.4 1 0
github.com/tevfik/gleann/internal/graph/kuzu/writer.go:190.2,191.18 2 0
github.com/tevfik/gleann/internal/graph/kuzu/writer.go:197.40,207.32 7 0
github.com/tevfik/gleann/internal/graph/kuzu/writer.go:207.32,209.3 1 0
github.com/tevfik/gleann/internal/graph/kuzu/writer.go:210.2,210.29 1 0
github.com/tevfik/gleann/internal/graph/kuzu/writer.go:214.67,216.16 2 0
github.com/tevfik/gleann/internal/graph/kuzu/writer.go:216.16,218.3 1 0
github.com/tevfik/gleann/internal/graph/kuzu/writer.go:219.2,222.98 3 0
github.com/tevfik/gleann/internal/graph/kuzu/writer.go:222.98,224.3 1 0
github.com/tevfik/gleann/internal/graph/kuzu/writer.go:225.2,225.30 1 0
github.com/tevfik/gleann/internal/graph/kuzu/writer.go:225.30,227.18 2 0
github.com/tevfik/gleann/internal/graph/kuzu/writer.go:227.18,229.4 1 0
github.com/tevfik/gleann/internal/graph/kuzu/writer.go:230.3,233.18 1 0
github.com/tevfik/gleann/internal/graph/kuzu/writer.go:233.18,235.4 1 0
github.com/tevfik/gleann/internal/graph/kuzu/writer.go:237.2,238.18 2 0
github.com/tevfik/gleann/internal/graph/kuzu/writer.go:242.64,244.16 2 0
github.com/tevfik/gleann/internal/graph/kuzu/writer.go:244.16,246.3 1 0
github.com/tevfik/gleann/internal/graph/kuzu/writer.go:247.2,250.56 3 0
github.com/tevfik/gleann/internal/graph/kuzu/writer.go:250.56,252.3 1 0
github.com/tevfik/gleann/internal/graph/kuzu/writer.go:253.2,253.26 1 0
github.com/tevfik/gleann/internal/graph/kuzu/writer.go:253.26,254.68 1 0
github.com/tevfik/gleann/internal/graph/kuzu/writer.go:254.68,256.4 1 0
github.com/tevfik/gleann/internal/graph/kuzu/writer.go:258.2,259.18 2 0
github.com/tevfik/gleann/internal/graph/kuzu/writer.go:263.58,265.16 2 0
github.com/tevfik/gleann/internal/graph/kuzu/writer.go:265.16,267.3 1 0
github.com/tevfik/gleann/internal/graph/kuzu/writer.go:268.2,271.56 3 0
github.com/tevfik/gleann/internal/graph/kuzu/writer.go:271.56,273.3 1 0
github.com/tevfik/gleann/internal/graph/kuzu/writer.go:274.2,274.26 1 0
github.com/tevfik/gleann/internal/graph/kuzu/writer.go:274.26,275.69 1 0
github.com/tevfik/gleann/internal/graph/kuzu/writer.go:275.69,277.4 1 0
github.com/tevfik/gleann/internal/graph/kuzu/writer.go:279.2,280.18 2 0
github.com/tevfik/gleann/internal/graph/kuzu/writer.go:299.68,301.16 2 0
github.com/tevfik/gleann/internal/graph/kuzu/writer.go:301.16,303.3 1 0
github.com/tevfik/gleann/internal/graph/kuzu/writer.go:304.2,307.56 3 0
github.com/tevfik/gleann/internal/graph/kuzu/writer.go:307.56,309.3 1 0
github.com/tevfik/gleann/internal/graph/kuzu/writer.go:310.2,310.26 1 0
github.com/tevfik/gleann/internal/graph/kuzu/writer.go:310.26,311.66 1 0
github.com/tevfik/gleann/internal/graph/kuzu/writer.go:311.66,313.4 1 0
github.com/tevfik/gleann/internal/graph/kuzu/writer.go:315.2,316.18 2 0
github.com/tevfik/gleann/internal/graph/kuzu/writer.go:320.68,322.16 2 0
github.com/tevfik/gleann/internal/graph/kuzu/writer.go:322.16,324.3 1 0
github.com/tevfik/gleann/internal/graph/kuzu/writer.go:325.2,328.56 3 0
github.com/tevfik/gleann/internal/graph/kuzu/writer.go:328.56,330.3 1 0
github.com/tevfik/gleann/internal/graph/kuzu/writer.go:331.2,331.26 1 0
github.com/tevfik/gleann/internal/graph/kuzu/writer.go:331.26,332.71 1 0
github.com/tevfik/gleann/internal/graph/kuzu/writer.go:332.71,334.4 1 0
github.com/tevfik/gleann/internal/graph/kuzu/writer.go:336.2,337.18 2 0
github.com/tevfik/gleann/internal/graph/kuzu/writer.go:409.67,411.16 2 0
github.com/tevfik/gleann/internal/graph/kuzu/writer.go:411.16,413.3 1 0
github.com/tevfik/gleann/internal/graph/kuzu/writer.go:414.2,417.59 3 0
github.com/tevfik/gleann/internal/graph/kuzu/writer.go:417.59,419.3 1 0
github.com/tevfik/gleann/internal/graph/kuzu/writer.go:420.2,420.28 1 0
github.com/tevfik/gleann/internal/graph/kuzu/writer.go:420.28,421.60 1 0
github.com/tevfik/gleann/internal/graph/kuzu/writer.go:421.60,423.4 1 0
github.com/tevfik/gleann/internal/graph/kuzu/writer.go:425.2,426.18 2 0
github.com/tevfik/gleann/internal/graph/kuzu/writer.go:430.68,432.16 2 0
github.com/tevfik/gleann/internal/graph/kuzu/writer.go:432.16,434.3 1 0
github.com/tevfik/gleann/internal/graph/kuzu/writer.go:435.2,438.87 3 0
github.com/tevfik/gleann/internal/graph/kuzu/writer.go:438.87,440.3 1 0
github.com/tevfik/gleann/internal/graph/kuzu/writer.go:441.2,441.25 1 0
github.com/tevfik/gleann/internal/graph/kuzu/writer.go:441.25,442.178 1 0
github.com/tevfik/gleann/internal/graph/kuzu/writer.go:442.178,444.4 1 0
github.com/tevfik/gleann/internal/graph/kuzu/writer.go:446.2,447.18 2 0
github.com/tevfik/gleann/internal/graph/kuzu/writer.go:451.70,453.16 2 0
github.com/tevfik/gleann/internal/graph/kuzu/writer.go:453.16,455.3 1 0
github.com/tevfik/gleann/internal/graph/kuzu/writer.go:456.2,459.65 3 0
github.com/tevfik/gleann/internal/graph/kuzu/writer.go:459.65,461.3 1 0
github.com/tevfik/gleann/internal/graph/kuzu/writer.go:462.2,462.29 1 0
github.com/tevfik/gleann/internal/graph/kuzu/writer.go:462.29,465.18 1 0
github.com/tevfik/gleann/internal/graph/kuzu/writer.go:465.18,467.4 1 0
github.com/tevfik/gleann/internal/graph/kuzu/writer.go:469.2,470.18 2 0
github.com/tevfik/gleann/internal/graph/kuzu/writer.go:474.58,476.2 1 0
github.com/tevfik/gleann/internal/graph/kuzu/writer.go:479.56,484.2 1 0
github.com/tevfik/gleann/internal/graph/kuzu/writer.go:487.50,489.2 1 0
github.com/tevfik/gleann/internal/graph/kuzu/writer.go:494.55,500.40 2 2
github.com/tevfik/gleann/internal/graph/kuzu/writer.go:500.40,503.3 1 0
github.com/tevfik/gleann/internal/graph/kuzu/writer.go:506.2,510.40 2 2
github.com/tevfik/gleann/internal/graph/kuzu/writer.go:510.40,512.3 1 0
github.com/tevfik/gleann/internal/graph/kuzu/writer.go:515.2,519.40 2 2
github.com/tevfik/gleann/internal/graph/kuzu/writer.go:519.40,521.3 1 0
github.com/tevfik/gleann/internal/graph/kuzu/writer.go:524.2,528.40 2 2
github.com/tevfik/gleann/internal/graph/kuzu/writer.go:528.40,530.3 1 0
github.com/tevfik/gleann/internal/graph/kuzu/writer.go:533.2,537.24 2 2
github.com/tevfik/gleann/internal/graph/indexer/doc_indexer.go:39.74,44.2 1 0
github.com/tevfik/gleann/internal/graph/indexer/doc_indexer.go:46.68,47.20 1 0
github.com/tevfik/gleann/internal/graph/indexer/doc_indexer.go:47.20,49.3 1 0
github.com/tevfik/gleann/internal/graph/indexer/doc_indexer.go:51.2,63.25 9 0
github.com/tevfik/gleann/internal/graph/indexer/doc_indexer.go:63.25,65.25 2 0
github.com/tevfik/gleann/internal/graph/indexer/doc_indexer.go:65.25,67.12 2 0
github.com/tevfik/gleann/internal/graph/indexer/doc_indexer.go:70.3,80.35 5 0
github.com/tevfik/gleann/internal/graph/indexer/doc_indexer.go:80.35,85.4 1 0
github.com/tevfik/gleann/internal/graph/indexer/doc_indexer.go:86.3,86.37 1 0
github.com/tevfik/gleann/internal/graph/indexer/doc_indexer.go:86.37,91.4 1 0
github.com/tevfik/gleann/internal/graph/indexer/doc_indexer.go:92.3,92.39 1 0
github.com/tevfik/gleann/internal/graph/indexer/doc_indexer.go:92.39,97.4 1 0
github.com/tevfik/gleann/internal/graph/indexer/doc_indexer.go:101.2,101.28 1 0
github.com/tevfik/gleann/internal/graph/indexer/doc_indexer.go:101.28,102.68 1 0
github.com/tevfik/gleann/internal/graph/indexer/doc_indexer.go:102.68,104.4 1 0
github.com/tevfik/gleann/internal/graph/indexer/doc_indexer.go:112.2,117.73 4 0
github.com/tevfik/gleann/internal/graph/indexer/doc_indexer.go:117.73,119.17 2 0
github.com/tevfik/gleann/internal/graph/indexer/doc_indexer.go:119.17,121.4 1 0
github.com/tevfik/gleann/internal/graph/indexer/doc_indexer.go:122.3,126.44 4 0
github.com/tevfik/gleann/internal/graph/indexer/doc_indexer.go:126.44,128.4 1 0
github.com/tevfik/gleann/internal/graph/indexer/doc_indexer.go:129.3,129.76 1 0
github.com/tevfik/gleann/internal/graph/indexer/doc_indexer.go:129.76,131.4 1 0
github.com/tevfik/gleann/internal/graph/indexer/doc_indexer.go:132.3,132.13 1 0
github.com/tevfik/gleann/internal/graph/indexer/doc_indexer.go:135.2,135.25 1 0
github.com/tevfik/gleann/internal/graph/indexer/doc_indexer.go:135.25,136.51 1 0
github.com/tevfik/gleann/internal/graph/indexer/doc_indexer.go:136.51,136.101 1 0
github.com/tevfik/gleann/internal/graph/indexer/doc_indexer.go:136.115,138.4 1 0
github.com/tevfik/gleann/internal/graph/indexer/doc_indexer.go:140.2,140.22 1 0
github.com/tevfik/gleann/internal/graph/indexer/doc_indexer.go:140.22,141.53 1 0
github.com/tevfik/gleann/internal/graph/indexer/doc_indexer.go:141.53,141.102 1 0
github.com/tevfik/gleann/internal/graph/indexer/doc_indexer.go:141.116,143.4 1 0
github.com/tevfik/gleann/internal/graph/indexer/doc_indexer.go:145.2,145.26 1 0
github.com/tevfik/gleann/internal/graph/indexer/doc_indexer.go:145.26,146.52 1 0
github.com/tevfik/gleann/internal/graph/indexer/doc_indexer.go:146.52,146.104 1 0
github.com/tevfik/gleann/internal/graph/indexer/doc_indexer.go:146.118,148.4 1 0
github.com/tevfik/gleann/internal/graph/indexer/doc_indexer.go:152.2,152.26 1 0
github.com/tevfik/gleann/internal/graph/indexer/doc_indexer.go:152.26,153.66 1 0
github.com/tevfik/gleann/internal/graph/indexer/doc_indexer.go:153.66,155.4 1 0
github.com/tevfik/gleann/internal/graph/indexer/doc_indexer.go:158.2,161.12 3 0
github.com/tevfik/gleann/internal/graph/indexer/doc_indexer.go:178.3,181.36 2 0
github.com/tevfik/gleann/internal/graph/indexer/doc_indexer.go:181.36,182.20 1 0
github.com/tevfik/gleann/internal/graph/indexer/doc_indexer.go:183.19,188.36 3 0
github.com/tevfik/gleann/internal/graph/indexer/doc_indexer.go:188.36,202.5 5 0
github.com/tevfik/gleann/internal/graph/indexer/doc_indexer.go:204.4,210.6 1 0
github.com/tevfik/gleann/internal/graph/indexer/doc_indexer.go:211.18,216.6 1 0
github.com/tevfik/gleann/internal/graph/indexer/doc_indexer.go:220.2,220.36 1 0
github.com/tevfik/gleann/internal/graph/indexer/doc_indexer.go:220.36,221.20 1 0
github.com/tevfik/gleann/internal/graph/indexer/doc_indexer.go:222.22,226.6 1 0
github.com/tevfik/gleann/internal/graph/indexer/doc_indexer.go:227.25,231.6 1 0
github.com/tevfik/gleann/internal/graph/indexer/doc_indexer.go:235.2,235.8 1 0
github.com/tevfik/gleann/internal/graph/indexer/doc_indexer.go:240.60,241.25 1 0
github.com/tevfik/gleann/internal/graph/indexer/doc_indexer.go:241.25,242.30 1 0
github.com/tevfik/gleann/internal/graph/indexer/doc_indexer.go:242.30,244.4 1 0
github.com/tevfik/gleann/internal/graph/indexer/doc_indexer.go:246.2,246.17 1 0
github.com/tevfik/gleann/internal/graph/indexer/doc_indexer.go:249.51,250.25 1 0
github.com/tevfik/gleann/internal/graph/indexer/doc_indexer.go:250.25,251.24 1 0
github.com/tevfik/gleann/internal/graph/indexer/doc_indexer.go:252.16,253.19 1 0
github.com/tevfik/gleann/internal/graph/indexer/doc_indexer.go:254.12,255.19 1 0
github.com/tevfik/gleann/internal/graph/indexer/doc_indexer.go:256.14,257.12 1 0
github.com/tevfik/gleann/internal/graph/indexer/doc_indexer.go:260.2,260.10 1 0
github.com/tevfik/gleann/internal/graph/indexer/doc_indexer.go:268.60,269.17 1 2
github.com/tevfik/gleann/internal/graph/indexer/doc_indexer.go:269.17,271.3 1 1
github.com/tevfik/gleann/internal/graph/indexer/doc_indexer.go:272.2,274.23 3 1
github.com/tevfik/gleann/internal/graph/indexer/doc_indexer.go:274.23,275.33 1 4
github.com/tevfik/gleann/internal/graph/indexer/doc_indexer.go:275.33,276.12 1 2
github.com/tevfik/gleann/internal/graph/indexer/doc_indexer.go:278.3,279.23 2 2
github.com/tevfik/gleann/internal/graph/indexer/doc_indexer.go:281.2,281.12 1 1
github.com/tevfik/gleann/internal/graph/indexer/doc_indexer.go:287.61,288.17 1 2
github.com/tevfik/gleann/internal/graph/indexer/doc_indexer.go:288.17,290.3 1 1
github.com/tevfik/gleann/internal/graph/indexer/doc_indexer.go:291.2,293.23 3 1
github.com/tevfik/gleann/internal/graph/indexer/doc_indexer.go:293.23,294.33 1 3
github.com/tevfik/gleann/internal/graph/indexer/doc_indexer.go:294.33,295.12 1 1
github.com/tevfik/gleann/internal/graph/indexer/doc_indexer.go:297.3,298.23 2 2
github.com/tevfik/gleann/internal/graph/indexer/doc_indexer.go:300.2,300.12 1 1
github.com/tevfik/gleann/internal/graph/indexer/doc_indexer.go:304.63,305.17 1 1
github.com/tevfik/gleann/internal/graph/indexer/doc_indexer.go:305.17,307.3 1 0
github.com/tevfik/gleann/internal/graph/indexer/doc_indexer.go:308.2,310.23 3 1
github.com/tevfik/gleann/internal/graph/indexer/doc_indexer.go:310.23,311.30 1 3
github.com/tevfik/gleann/internal/graph/indexer/doc_indexer.go:311.30,312.12 1 1
github.com/tevfik/gleann/internal/graph/indexer/doc_indexer.go:314.3,315.23 2 2
github.com/tevfik/gleann/internal/graph/indexer/doc_indexer.go:317.2,317.12 1 1
github.com/tevfik/gleann/internal/graph/indexer/filehash.go:56.57,58.2 1 3
github.com/tevfik/gleann/internal/graph/indexer/filehash.go:61.60,62.63 1 18
github.com/tevfik/gleann/internal/graph/indexer/filehash.go:62.63,64.3 1 0
github.com/tevfik/gleann/internal/graph/indexer/filehash.go:65.2,66.16 2 18
github.com/tevfik/gleann/internal/graph/indexer/filehash.go:66.16,70.17 3 1
github.com/tevfik/gleann/internal/graph/indexer/filehash.go:70.17,72.4 1 0
github.com/tevfik/gleann/internal/graph/indexer/filehash.go:74.2,74.46 1 18
github.com/tevfik/gleann/internal/graph/indexer/filehash.go:74.46,77.3 2 18
github.com/tevfik/gleann/internal/graph/indexer/filehash.go:77.17,80.3 2 0
github.com/tevfik/gleann/internal/graph/indexer/filehash.go:82.2,84.38 2 18
github.com/tevfik/gleann/internal/graph/indexer/filehash.go:84.38,86.15 2 18
github.com/tevfik/gleann/internal/graph/indexer/filehash.go:86.15,88.4 1 0
github.com/tevfik/gleann/internal/graph/indexer/filehash.go:89.3,89.44 1 18
github.com/tevfik/gleann/internal/graph/indexer/filehash.go:89.44,91.49 2 1
github.com/tevfik/gleann/internal/graph/indexer/filehash.go:91.49,93.5 1 1
github.com/tevfik/gleann/internal/graph/indexer/filehash.go:94.4,94.14 1 1
github.com/tevfik/gleann/internal/graph/indexer/filehash.go:97.2,97.19 1 18
github.com/tevfik/gleann/internal/graph/indexer/filehash.go:101.39,102.29 1 19
github.com/tevfik/gleann/internal/graph/indexer/filehash.go:102.29,104.3 1 1
github.com/tevfik/gleann/internal/graph/indexer/filehash.go:105.2,105.21 1 18
github.com/tevfik/gleann/internal/graph/indexer/filehash.go:110.49,111.14 1 22
github.com/tevfik/gleann/internal/graph/indexer/filehash.go:111.14,113.3 1 1
github.com/tevfik/gleann/internal/graph/indexer/filehash.go:114.2,116.21 3 21
github.com/tevfik/gleann/internal/graph/indexer/filehash.go:129.97,130.14 1 16
github.com/tevfik/gleann/internal/graph/indexer/filehash.go:130.14,132.3 1 1
github.com/tevfik/gleann/internal/graph/indexer/filehash.go:133.2,134.20 2 15
github.com/tevfik/gleann/internal/graph/indexer/filehash.go:134.20,136.3 1 3
github.com/tevfik/gleann/internal/graph/indexer/filehash.go:137.2,138.28 2 12
github.com/tevfik/gleann/internal/graph/indexer/filehash.go:145.90,146.14 1 118
github.com/tevfik/gleann/internal/graph/indexer/filehash.go:146.14,148.3 1 1
github.com/tevfik/gleann/internal/graph/indexer/filehash.go:149.2,158.16 3 117
github.com/tevfik/gleann/internal/graph/indexer/filehash.go:158.16,160.3 1 0
github.com/tevfik/gleann/internal/graph/indexer/filehash.go:161.2,161.48 1 117
github.com/tevfik/gleann/internal/graph/indexer/filehash.go:161.48,164.3 2 117
github.com/tevfik/gleann/internal/graph/indexer/filehash.go:164.17,166.3 1 0
github.com/tevfik/gleann/internal/graph/indexer/filehash.go:167.2,170.12 4 117
github.com/tevfik/gleann/internal/graph/indexer/filehash.go:175.51,176.14 1 4
github.com/tevfik/gleann/internal/graph/indexer/filehash.go:176.14,178.3 1 1
github.com/tevfik/gleann/internal/graph/indexer/filehash.go:179.2,179.48 1 3
github.com/tevfik/gleann/internal/graph/indexer/filehash.go:179.48,182.3 2 3
github.com/tevfik/gleann/internal/graph/indexer/filehash.go:182.17,184.3 1 0
github.com/tevfik/gleann/internal/graph/indexer/filehash.go:185.2,188.12 4 3
github.com/tevfik/gleann/internal/graph/indexer/filehash.go:195.39,196.14 1 6
github.com/tevfik/gleann/internal/graph/indexer/filehash.go:196.14,198.3 1 1
github.com/tevfik/gleann/internal/graph/indexer/filehash.go:199.2,199.48 1 5
github.com/tevfik/gleann/internal/graph/indexer/filehash.go:199.48,201.15 2 5
github.com/tevfik/gleann/internal/graph/indexer/filehash.go:201.15,203.4 1 0
github.com/tevfik/gleann/internal/graph/indexer/filehash.go:205.3,206.47 2 5
github.com/tevfik/gleann/internal/graph/indexer/filehash.go:206.47,209.4 2 102
github.com/tevfik/gleann/internal/graph/indexer/filehash.go:209.18,211.4 1 0
github.com/tevfik/gleann/internal/graph/indexer/filehash.go:212.3,212.26 1 5
github.com/tevfik/gleann/internal/graph/indexer/filehash.go:212.26,213.38 1 102
github.com/tevfik/gleann/internal/graph/indexer/filehash.go:213.38,215.5 1 0
github.com/tevfik/gleann/internal/graph/indexer/filehash.go:217.3,217.13 1 5
github.com/tevfik/gleann/internal/graph/indexer/filehash.go:218.17,220.3 1 0
github.com/tevfik/gleann/internal/graph/indexer/filehash.go:221.2,224.12 4 5
github.com/tevfik/gleann/internal/graph/indexer/filehash.go:228.37,229.14 1 14
github.com/tevfik/gleann/internal/graph/indexer/filehash.go:229.14,231.3 1 1
github.com/tevfik/gleann/internal/graph/indexer/filehash.go:232.2,234.20 3 13
github.com/tevfik/gleann/internal/graph/indexer/filehash.go:240.51,242.16 2 20
github.com/tevfik/gleann/internal/graph/indexer/filehash.go:242.16,244.3 1 4
github.com/tevfik/gleann/internal/graph/indexer/filehash.go:245.2,248.6 4 16
github.com/tevfik/gleann/internal/graph/indexer/filehash.go:248.6,250.12 2 32
github.com/tevfik/gleann/internal/graph/indexer/filehash.go:250.12,252.4 1 16
github.com/tevfik/gleann/internal/graph/indexer/filehash.go:253.3,253.18 1 32
github.com/tevfik/gleann/internal/graph/indexer/filehash.go:253.18,254.9 1 16
github.com/tevfik/gleann/internal/graph/indexer/filehash.go:257.2,257.44 1 16
github.com/tevfik/gleann/internal/graph/indexer/go_calls.go:19.155,22.16 3 23
github.com/tevfik/gleann/internal/graph/indexer/go_calls.go:22.16,24.3 1 2
github.com/tevfik/gleann/internal/graph/indexer/go_calls.go:27.2,28.28 2 21
github.com/tevfik/gleann/internal/graph/indexer/go_calls.go:28.28,29.20 1 80
github.com/tevfik/gleann/internal/graph/indexer/go_calls.go:29.20,31.4 1 80
github.com/tevfik/gleann/internal/graph/indexer/go_calls.go:38.2,39.34 2 21
github.com/tevfik/gleann/internal/graph/indexer/go_calls.go:39.34,40.40 1 80
github.com/tevfik/gleann/internal/graph/indexer/go_calls.go:40.40,42.48 2 0
github.com/tevfik/gleann/internal/graph/indexer/go_calls.go:42.48,44.5 1 0
github.com/tevfik/gleann/internal/graph/indexer/go_calls.go:48.2,51.19 4 21
github.com/tevfik/gleann/internal/graph/indexer/go_calls.go:51.19,53.3 1 8
github.com/tevfik/gleann/internal/graph/indexer/go_calls.go:55.2,56.35 2 21
github.com/tevfik/gleann/internal/graph/indexer/go_calls.go:56.35,59.22 3 10
github.com/tevfik/gleann/internal/graph/indexer/go_calls.go:59.22,61.4 1 0
github.com/tevfik/gleann/internal/graph/indexer/go_calls.go:61.9,64.4 2 10
github.com/tevfik/gleann/internal/graph/indexer/go_calls.go:65.3,65.35 1 10
github.com/tevfik/gleann/internal/graph/indexer/go_calls.go:65.35,67.4 1 10
github.com/tevfik/gleann/internal/graph/indexer/go_calls.go:70.2,72.34 2 21
github.com/tevfik/gleann/internal/graph/indexer/go_calls.go:72.34,74.34 2 69
github.com/tevfik/gleann/internal/graph/indexer/go_calls.go:74.34,75.12 1 28
github.com/tevfik/gleann/internal/graph/indexer/go_calls.go:78.3,79.58 2 41
github.com/tevfik/gleann/internal/graph/indexer/go_calls.go:79.58,82.4 2 12
github.com/tevfik/gleann/internal/graph/indexer/go_calls.go:86.3,87.42 2 41
github.com/tevfik/gleann/internal/graph/indexer/go_calls.go:87.42,89.4 1 41
github.com/tevfik/gleann/internal/graph/indexer/go_calls.go:89.9,89.49 1 0
github.com/tevfik/gleann/internal/graph/indexer/go_calls.go:89.49,91.4 1 0
github.com/tevfik/gleann/internal/graph/indexer/go_calls.go:91.9,93.4 1 0
github.com/tevfik/gleann/internal/graph/indexer/go_calls.go:95.3,95.52 1 41
github.com/tevfik/gleann/internal/graph/indexer/go_calls.go:95.52,97.11 2 458
github.com/tevfik/gleann/internal/graph/indexer/go_calls.go:97.11,99.5 1 432
github.com/tevfik/gleann/internal/graph/indexer/go_calls.go:100.4,101.49 2 26
github.com/tevfik/gleann/internal/graph/indexer/go_calls.go:101.49,103.5 1 0
github.com/tevfik/gleann/internal/graph/indexer/go_calls.go:104.4,105.21 2 26
github.com/tevfik/gleann/internal/graph/indexer/go_calls.go:105.21,107.5 1 0
github.com/tevfik/gleann/internal/graph/indexer/go_calls.go:108.4,112.15 4 26
github.com/tevfik/gleann/internal/graph/indexer/go_calls.go:115.2,115.26 1 21
github.com/tevfik/gleann/internal/graph/indexer/go_calls.go:121.112,122.25 1 26
github.com/tevfik/gleann/internal/graph/indexer/go_calls.go:123.18,125.33 2 16
github.com/tevfik/gleann/internal/graph/indexer/go_calls.go:125.33,127.4 1 16
github.com/tevfik/gleann/internal/graph/indexer/go_calls.go:129.3,129.32 1 0
github.com/tevfik/gleann/internal/graph/indexer/go_calls.go:131.25,133.10 2 10
github.com/tevfik/gleann/internal/graph/indexer/go_calls.go:133.10,136.4 1 0
github.com/tevfik/gleann/internal/graph/indexer/go_calls.go:137.3,141.46 3 10
github.com/tevfik/gleann/internal/graph/indexer/go_calls.go:141.46,143.4 1 10
github.com/tevfik/gleann/internal/graph/indexer/go_calls.go:146.3,147.37 2 0
github.com/tevfik/gleann/internal/graph/indexer/go_calls.go:147.37,149.4 1 0
github.com/tevfik/gleann/internal/graph/indexer/go_calls.go:153.3,153.12 1 0
github.com/tevfik/gleann/internal/graph/indexer/go_calls.go:155.22,156.56 1 0
github.com/tevfik/gleann/internal/graph/indexer/go_calls.go:158.2,158.11 1 0
github.com/tevfik/gleann/internal/graph/indexer/go_calls.go:162.41,163.26 1 44
github.com/tevfik/gleann/internal/graph/indexer/go_calls.go:164.18,165.16 1 24
github.com/tevfik/gleann/internal/graph/indexer/go_calls.go:166.21,167.27 1 20
github.com/tevfik/gleann/internal/graph/indexer/go_calls.go:168.22,169.27 1 0
github.com/tevfik/gleann/internal/graph/indexer/go_calls.go:171.2,171.11 1 0
github.com/tevfik/gleann/internal/graph/indexer/go_calls.go:175.46,179.2 3 60
github.com/tevfik/gleann/internal/graph/indexer/go_implements.go:26.3,29.21 3 27
github.com/tevfik/gleann/internal/graph/indexer/go_implements.go:29.21,31.3 1 2
github.com/tevfik/gleann/internal/graph/indexer/go_implements.go:34.2,35.28 2 25
github.com/tevfik/gleann/internal/graph/indexer/go_implements.go:35.28,36.20 1 96
github.com/tevfik/gleann/internal/graph/indexer/go_implements.go:36.20,38.4 1 96
github.com/tevfik/gleann/internal/graph/indexer/go_implements.go:42.2,43.35 2 25
github.com/tevfik/gleann/internal/graph/indexer/go_implements.go:43.35,46.22 3 11
github.com/tevfik/gleann/internal/graph/indexer/go_implements.go:46.22,48.4 1 0
github.com/tevfik/gleann/internal/graph/indexer/go_implements.go:48.9,51.4 2 11
github.com/tevfik/gleann/internal/graph/indexer/go_implements.go:52.3,52.35 1 11
github.com/tevfik/gleann/internal/graph/indexer/go_implements.go:52.35,54.4 1 11
github.com/tevfik/gleann/internal/graph/indexer/go_implements.go:58.2,59.34 2 25
github.com/tevfik/gleann/internal/graph/indexer/go_implements.go:59.34,61.39 2 82
github.com/tevfik/gleann/internal/graph/indexer/go_implements.go:61.39,62.12 1 57
github.com/tevfik/gleann/internal/graph/indexer/go_implements.go:64.3,64.38 1 25
github.com/tevfik/gleann/internal/graph/indexer/go_implements.go:64.38,66.11 2 25
github.com/tevfik/gleann/internal/graph/indexer/go_implements.go:66.11,67.13 1 0
github.com/tevfik/gleann/internal/graph/indexer/go_implements.go:69.4,69.59 1 25
github.com/tevfik/gleann/internal/graph/indexer/go_implements.go:69.59,71.5 1 6
github.com/tevfik/gleann/internal/graph/indexer/go_implements.go:75.2,80.34 4 25
github.com/tevfik/gleann/internal/graph/indexer/go_implements.go:80.34,82.39 2 82
github.com/tevfik/gleann/internal/graph/indexer/go_implements.go:82.39,83.12 1 57
github.com/tevfik/gleann/internal/graph/indexer/go_implements.go:85.3,85.38 1 25
github.com/tevfik/gleann/internal/graph/indexer/go_implements.go:85.38,87.11 2 25
github.com/tevfik/gleann/internal/graph/indexer/go_implements.go:87.11,88.13 1 0
github.com/tevfik/gleann/internal/graph/indexer/go_implements.go:90.4,93.31 3 25
github.com/tevfik/gleann/internal/graph/indexer/go_implements.go:94.25,96.24 1 19
github.com/tevfik/gleann/internal/graph/indexer/go_implements.go:96.24,97.42 1 19
github.com/tevfik/gleann/internal/graph/indexer/go_implements.go:97.42,98.32 1 22
github.com/tevfik/gleann/internal/graph/indexer/go_implements.go:98.32,101.62 3 1
github.com/tevfik/gleann/internal/graph/indexer/go_implements.go:101.62,103.27 2 1
github.com/tevfik/gleann/internal/graph/indexer/go_implements.go:103.27,109.10 2 1
github.com/tevfik/gleann/internal/graph/indexer/go_implements.go:110.14,110.36 1 0
github.com/tevfik/gleann/internal/graph/indexer/go_implements.go:110.36,113.26 2 0
github.com/tevfik/gleann/internal/graph/indexer/go_implements.go:113.26,121.10 3 0
github.com/tevfik/gleann/internal/graph/indexer/go_implements.go:123.13,126.45 2 21
github.com/tevfik/gleann/internal/graph/indexer/go_implements.go:126.45,128.26 2 2
github.com/tevfik/gleann/internal/graph/indexer/go_implements.go:128.26,136.10 3 2
github.com/tevfik/gleann/internal/graph/indexer/go_implements.go:142.28,144.25 1 6
github.com/tevfik/gleann/internal/graph/indexer/go_implements.go:144.25,145.44 1 6
github.com/tevfik/gleann/internal/graph/indexer/go_implements.go:145.44,146.33 1 8
github.com/tevfik/gleann/internal/graph/indexer/go_implements.go:146.33,148.24 2 2
github.com/tevfik/gleann/internal/graph/indexer/go_implements.go:148.24,150.27 2 2
github.com/tevfik/gleann/internal/graph/indexer/go_implements.go:150.27,157.10 3 2
github.com/tevfik/gleann/internal/graph/indexer/go_implements.go:167.2,167.34 1 25
github.com/tevfik/gleann/internal/graph/indexer/go_implements.go:167.34,169.10 2 82
github.com/tevfik/gleann/internal/graph/indexer/go_implements.go:169.10,170.12 1 38
github.com/tevfik/gleann/internal/graph/indexer/go_implements.go:172.3,173.58 2 44
github.com/tevfik/gleann/internal/graph/indexer/go_implements.go:173.58,176.4 2 12
github.com/tevfik/gleann/internal/graph/indexer/go_implements.go:177.3,180.34 2 44
github.com/tevfik/gleann/internal/graph/indexer/go_implements.go:180.34,181.52 1 44
github.com/tevfik/gleann/internal/graph/indexer/go_implements.go:181.52,183.42 2 26
github.com/tevfik/gleann/internal/graph/indexer/go_implements.go:183.42,185.23 2 5
github.com/tevfik/gleann/internal/graph/indexer/go_implements.go:185.23,193.7 3 5
github.com/tevfik/gleann/internal/graph/indexer/go_implements.go:198.3,198.35 1 44
github.com/tevfik/gleann/internal/graph/indexer/go_implements.go:198.35,199.54 1 16
github.com/tevfik/gleann/internal/graph/indexer/go_implements.go:199.54,201.42 2 16
github.com/tevfik/gleann/internal/graph/indexer/go_implements.go:201.42,203.23 2 2
github.com/tevfik/gleann/internal/graph/indexer/go_implements.go:203.23,211.7 3 2
github.com/tevfik/gleann/internal/graph/indexer/go_implements.go:217.2,217.31 1 25
github.com/tevfik/gleann/internal/graph/indexer/go_implements.go:222.116,223.26 1 68
github.com/tevfik/gleann/internal/graph/indexer/go_implements.go:224.18,227.26 2 64
github.com/tevfik/gleann/internal/graph/indexer/go_implements.go:227.26,229.4 1 54
github.com/tevfik/gleann/internal/graph/indexer/go_implements.go:230.3,230.44 1 10
github.com/tevfik/gleann/internal/graph/indexer/go_implements.go:232.25,234.10 2 2
github.com/tevfik/gleann/internal/graph/indexer/go_implements.go:234.10,236.4 1 0
github.com/tevfik/gleann/internal/graph/indexer/go_implements.go:237.3,237.45 1 2
github.com/tevfik/gleann/internal/graph/indexer/go_implements.go:237.45,239.4 1 2
github.com/tevfik/gleann/internal/graph/indexer/go_implements.go:240.3,240.12 1 0
github.com/tevfik/gleann/internal/graph/indexer/go_implements.go:242.21,243.59 1 2
github.com/tevfik/gleann/internal/graph/indexer/go_implements.go:245.22,246.61 1 0
github.com/tevfik/gleann/internal/graph/indexer/go_implements.go:248.20,250.63 1 0
github.com/tevfik/gleann/internal/graph/indexer/go_implements.go:252.26,253.12 1 0
github.com/tevfik/gleann/internal/graph/indexer/go_implements.go:255.21,256.12 1 0
github.com/tevfik/gleann/internal/graph/indexer/go_implements.go:258.10,259.12 1 0
github.com/tevfik/gleann/internal/graph/indexer/go_implements.go:264.41,265.26 1 1
github.com/tevfik/gleann/internal/graph/indexer/go_implements.go:266.18,267.16 1 1
github.com/tevfik/gleann/internal/graph/indexer/go_implements.go:268.21,269.27 1 0
github.com/tevfik/gleann/internal/graph/indexer/go_implements.go:270.25,271.20 1 0
github.com/tevfik/gleann/internal/graph/indexer/go_implements.go:272.10,273.12 1 0
github.com/tevfik/gleann/internal/graph/indexer/go_implements.go:278.80,279.32 1 79
github.com/tevfik/gleann/internal/graph/indexer/go_implements.go:279.32,281.3 1 79
github.com/tevfik/gleann/internal/graph/indexer/go_implements.go:282.2,282.31 1 0
github.com/tevfik/gleann/internal/graph/indexer/go_implements.go:286.59,288.29 2 25
github.com/tevfik/gleann/internal/graph/indexer/go_implements.go:288.29,290.3 1 0
github.com/tevfik/gleann/internal/graph/indexer/go_implements.go:291.2,291.31 1 25
github.com/tevfik/gleann/internal/graph/indexer/go_implements.go:294.40,297.2 2 25
github.com/tevfik/gleann/internal/graph/indexer/go_implements.go:300.38,301.14 1 64
github.com/tevfik/gleann/internal/graph/indexer/go_implements.go:305.23,306.14 1 54
github.com/tevfik/gleann/internal/graph/indexer/go_implements.go:308.2,308.14 1 10
github.com/tevfik/gleann/internal/graph/indexer/heuristics.go:132.42,133.14 1 135
github.com/tevfik/gleann/internal/graph/indexer/heuristics.go:134.28,135.13 1 6
github.com/tevfik/gleann/internal/graph/indexer/heuristics.go:136.29,137.13 1 1
github.com/tevfik/gleann/internal/graph/indexer/heuristics.go:138.14,139.14 1 1
github.com/tevfik/gleann/internal/graph/indexer/heuristics.go:140.15,141.13 1 15
github.com/tevfik/gleann/internal/graph/indexer/heuristics.go:143.2,143.12 1 112
github.com/tevfik/gleann/internal/graph/indexer/heuristics.go:152.73,155.47 3 135
github.com/tevfik/gleann/internal/graph/indexer/heuristics.go:155.47,156.35 1 132
github.com/tevfik/gleann/internal/graph/indexer/heuristics.go:156.35,158.4 1 25
github.com/tevfik/gleann/internal/graph/indexer/heuristics.go:161.3,161.19 1 132
github.com/tevfik/gleann/internal/graph/indexer/heuristics.go:161.19,162.36 1 5
github.com/tevfik/gleann/internal/graph/indexer/heuristics.go:162.36,164.5 1 0
github.com/tevfik/gleann/internal/graph/indexer/heuristics.go:167.2,167.19 1 135
github.com/tevfik/gleann/internal/graph/indexer/heuristics.go:167.19,169.3 1 0
github.com/tevfik/gleann/internal/graph/indexer/heuristics.go:170.2,170.10 1 135
github.com/tevfik/gleann/internal/graph/indexer/heuristics.go:177.51,181.14 1 20
github.com/tevfik/gleann/internal/graph/indexer/heuristics.go:182.19,183.21 1 2
github.com/tevfik/gleann/internal/graph/indexer/heuristics.go:184.15,185.17 1 2
github.com/tevfik/gleann/internal/graph/indexer/heuristics.go:186.29,187.18 1 3
github.com/tevfik/gleann/internal/graph/indexer/heuristics.go:190.2,190.68 1 13
github.com/tevfik/gleann/internal/graph/indexer/heuristics.go:190.68,192.3 1 3
github.com/tevfik/gleann/internal/graph/indexer/heuristics.go:193.2,193.13 1 10
github.com/tevfik/gleann/internal/graph/indexer/heuristics.go:206.101,207.36 1 153
github.com/tevfik/gleann/internal/graph/indexer/heuristics.go:207.36,209.3 1 2
github.com/tevfik/gleann/internal/graph/indexer/heuristics.go:210.2,211.28 2 151
github.com/tevfik/gleann/internal/graph/indexer/heuristics.go:211.28,213.3 1 1
github.com/tevfik/gleann/internal/graph/indexer/heuristics.go:219.2,219.48 1 150
github.com/tevfik/gleann/internal/graph/indexer/heuristics.go:219.48,221.50 2 150
github.com/tevfik/gleann/internal/graph/indexer/heuristics.go:221.50,223.4 1 7
github.com/tevfik/gleann/internal/graph/indexer/heuristics.go:230.2,231.14 2 143
github.com/tevfik/gleann/internal/graph/indexer/heuristics.go:231.14,233.3 1 92
github.com/tevfik/gleann/internal/graph/indexer/heuristics.go:234.2,234.41 1 143
github.com/tevfik/gleann/internal/graph/indexer/heuristics.go:234.41,236.20 2 184
github.com/tevfik/gleann/internal/graph/indexer/heuristics.go:236.20,237.12 1 72
github.com/tevfik/gleann/internal/graph/indexer/heuristics.go:239.3,239.53 1 112
github.com/tevfik/gleann/internal/graph/indexer/heuristics.go:239.53,241.4 1 8
github.com/tevfik/gleann/internal/graph/indexer/heuristics.go:243.3,243.8 1 104
github.com/tevfik/gleann/internal/graph/indexer/heuristics.go:245.2,245.17 1 135
github.com/tevfik/gleann/internal/graph/indexer/heuristics.go:254.65,255.14 1 262
github.com/tevfik/gleann/internal/graph/indexer/heuristics.go:256.27,257.38 1 39
github.com/tevfik/gleann/internal/graph/indexer/heuristics.go:257.38,259.4 1 6
github.com/tevfik/gleann/internal/graph/indexer/heuristics.go:260.3,260.47 1 33
github.com/tevfik/gleann/internal/graph/indexer/heuristics.go:260.47,262.4 1 1
github.com/tevfik/gleann/internal/graph/indexer/heuristics.go:263.95,264.85 1 6
github.com/tevfik/gleann/internal/graph/indexer/heuristics.go:264.85,266.4 1 2
github.com/tevfik/gleann/internal/graph/indexer/heuristics.go:267.25,268.41 1 12
github.com/tevfik/gleann/internal/graph/indexer/heuristics.go:268.41,270.4 1 1
github.com/tevfik/gleann/internal/graph/indexer/heuristics.go:271.65,272.45 1 20
github.com/tevfik/gleann/internal/graph/indexer/heuristics.go:272.45,274.4 1 3
github.com/tevfik/gleann/internal/graph/indexer/heuristics.go:275.3,275.46 1 17
github.com/tevfik/gleann/internal/graph/indexer/heuristics.go:275.46,277.4 1 1
github.com/tevfik/gleann/internal/graph/indexer/heuristics.go:278.87,279.46 1 27
github.com/tevfik/gleann/internal/graph/indexer/heuristics.go:279.46,281.4 1 1
github.com/tevfik/gleann/internal/graph/indexer/heuristics.go:283.2,283.11 1 247
github.com/tevfik/gleann/internal/graph/indexer/indexer.go:49.53,58.2 2 70
github.com/tevfik/gleann/internal/graph/indexer/indexer.go:62.66,65.2 2 4
github.com/tevfik/gleann/internal/graph/indexer/indexer.go:68.44,69.26 1 3
github.com/tevfik/gleann/internal/graph/indexer/indexer.go:69.26,71.3 1 0
github.com/tevfik/gleann/internal/graph/indexer/indexer.go:72.2,72.30 1 3
github.com/tevfik/gleann/internal/graph/indexer/indexer.go:77.61,79.16 2 42
github.com/tevfik/gleann/internal/graph/indexer/indexer.go:79.16,81.3 1 0
github.com/tevfik/gleann/internal/graph/indexer/indexer.go:83.2,85.27 3 42
github.com/tevfik/gleann/internal/graph/indexer/indexer.go:85.27,86.28 1 112
github.com/tevfik/gleann/internal/graph/indexer/indexer.go:86.28,89.4 2 101
github.com/tevfik/gleann/internal/graph/indexer/indexer.go:91.2,95.26 4 42
github.com/tevfik/gleann/internal/graph/indexer/indexer.go:95.26,97.25 2 85
github.com/tevfik/gleann/internal/graph/indexer/indexer.go:97.25,100.4 2 84
github.com/tevfik/gleann/internal/graph/indexer/indexer.go:102.2,106.26 4 42
github.com/tevfik/gleann/internal/graph/indexer/indexer.go:106.26,108.22 2 26
github.com/tevfik/gleann/internal/graph/indexer/indexer.go:108.22,111.4 2 26
github.com/tevfik/gleann/internal/graph/indexer/indexer.go:113.2,119.85 4 42
github.com/tevfik/gleann/internal/graph/indexer/indexer.go:119.85,121.3 1 0
github.com/tevfik/gleann/internal/graph/indexer/indexer.go:123.2,123.73 1 42
github.com/tevfik/gleann/internal/graph/indexer/indexer.go:123.73,125.17 2 131
github.com/tevfik/gleann/internal/graph/indexer/indexer.go:125.17,127.4 1 0
github.com/tevfik/gleann/internal/graph/indexer/indexer.go:128.3,132.44 4 131
github.com/tevfik/gleann/internal/graph/indexer/indexer.go:132.44,134.4 1 0
github.com/tevfik/gleann/internal/graph/indexer/indexer.go:135.3,135.77 1 131
github.com/tevfik/gleann/internal/graph/indexer/indexer.go:135.77,137.4 1 0
github.com/tevfik/gleann/internal/graph/indexer/indexer.go:138.3,138.13 1 131
github.com/tevfik/gleann/internal/graph/indexer/indexer.go:142.2,142.14 1 42
github.com/tevfik/gleann/internal/graph/indexer/indexer.go:142.14,143.53 1 42
github.com/tevfik/gleann/internal/graph/indexer/indexer.go:143.53,143.110 1 42
github.com/tevfik/gleann/internal/graph/indexer/indexer.go:143.124,145.4 1 0
github.com/tevfik/gleann/internal/graph/indexer/indexer.go:147.2,147.19 1 42
github.com/tevfik/gleann/internal/graph/indexer/indexer.go:147.19,148.51 1 38
github.com/tevfik/gleann/internal/graph/indexer/indexer.go:148.51,148.95 1 38
github.com/tevfik/gleann/internal/graph/indexer/indexer.go:148.109,150.4 1 0
github.com/tevfik/gleann/internal/graph/indexer/indexer.go:152.2,152.20 1 42
github.com/tevfik/gleann/internal/graph/indexer/indexer.go:152.20,153.53 1 38
github.com/tevfik/gleann/internal/graph/indexer/indexer.go:153.53,153.95 1 38
github.com/tevfik/gleann/internal/graph/indexer/indexer.go:153.109,155.4 1 0
github.com/tevfik/gleann/internal/graph/indexer/indexer.go:157.2,157.20 1 42
github.com/tevfik/gleann/internal/graph/indexer/indexer.go:157.20,158.50 1 13
github.com/tevfik/gleann/internal/graph/indexer/indexer.go:158.50,158.89 1 13
github.com/tevfik/gleann/internal/graph/indexer/indexer.go:158.103,160.4 1 0
github.com/tevfik/gleann/internal/graph/indexer/indexer.go:162.2,162.20 1 42
github.com/tevfik/gleann/internal/graph/indexer/indexer.go:162.20,163.55 1 0
github.com/tevfik/gleann/internal/graph/indexer/indexer.go:163.55,163.99 1 0
github.com/tevfik/gleann/internal/graph/indexer/indexer.go:163.113,165.4 1 0
github.com/tevfik/gleann/internal/graph/indexer/indexer.go:167.2,167.19 1 42
github.com/tevfik/gleann/internal/graph/indexer/indexer.go:167.19,168.55 1 0
github.com/tevfik/gleann/internal/graph/indexer/indexer.go:168.55,168.98 1 0
github.com/tevfik/gleann/internal/graph/indexer/indexer.go:168.112,170.4 1 0
github.com/tevfik/gleann/internal/graph/indexer/indexer.go:174.2,176.12 2 42
github.com/tevfik/gleann/internal/graph/indexer/indexer.go:190.232,203.76 7 57
github.com/tevfik/gleann/internal/graph/indexer/indexer.go:203.76,205.10 2 33
github.com/tevfik/gleann/internal/graph/indexer/indexer.go:205.10,209.4 1 0
github.com/tevfik/gleann/internal/graph/indexer/indexer.go:209.9,213.4 3 33
github.com/tevfik/gleann/internal/graph/indexer/indexer.go:219.2,220.19 2 57
github.com/tevfik/gleann/internal/graph/indexer/indexer.go:220.19,222.20 2 33
github.com/tevfik/gleann/internal/graph/indexer/indexer.go:222.20,224.4 1 4
github.com/tevfik/gleann/internal/graph/indexer/indexer.go:225.8,227.3 1 24
github.com/tevfik/gleann/internal/graph/indexer/indexer.go:230.2,232.28 2 57
github.com/tevfik/gleann/internal/graph/indexer/indexer.go:232.28,233.49 1 162
github.com/tevfik/gleann/internal/graph/indexer/indexer.go:233.49,234.12 1 35
github.com/tevfik/gleann/internal/graph/indexer/indexer.go:236.3,250.17 4 127
github.com/tevfik/gleann/internal/graph/indexer/indexer.go:250.17,252.4 1 0
github.com/tevfik/gleann/internal/graph/indexer/indexer.go:253.3,266.84 5 127
github.com/tevfik/gleann/internal/graph/indexer/indexer.go:270.2,270.33 1 57
github.com/tevfik/gleann/internal/graph/indexer/indexer.go:270.33,272.21 2 23
github.com/tevfik/gleann/internal/graph/indexer/indexer.go:272.21,274.4 1 2
github.com/tevfik/gleann/internal/graph/indexer/indexer.go:274.9,277.4 2 21
github.com/tevfik/gleann/internal/graph/indexer/indexer.go:279.3,282.42 4 23
github.com/tevfik/gleann/internal/graph/indexer/indexer.go:283.8,283.26 1 34
github.com/tevfik/gleann/internal/graph/indexer/indexer.go:283.26,285.21 2 33
github.com/tevfik/gleann/internal/graph/indexer/indexer.go:285.21,287.4 1 0
github.com/tevfik/gleann/internal/graph/indexer/indexer.go:287.9,290.4 2 33
github.com/tevfik/gleann/internal/graph/indexer/indexer.go:293.2,293.61 1 57
github.com/tevfik/gleann/internal/graph/indexer/indexer.go:299.49,314.29 6 6
github.com/tevfik/gleann/internal/graph/indexer/indexer.go:314.29,315.21 1 120
github.com/tevfik/gleann/internal/graph/indexer/indexer.go:315.21,316.24 1 120
github.com/tevfik/gleann/internal/graph/indexer/indexer.go:316.24,317.12 1 8
github.com/tevfik/gleann/internal/graph/indexer/indexer.go:318.23,319.22 1 0
github.com/tevfik/gleann/internal/graph/indexer/indexer.go:320.13,322.20 2 8
github.com/tevfik/gleann/internal/graph/indexer/indexer.go:322.20,324.7 1 0
github.com/tevfik/gleann/internal/graph/indexer/indexer.go:325.6,325.13 1 8
github.com/tevfik/gleann/internal/graph/indexer/indexer.go:326.68,326.68 0 8
github.com/tevfik/gleann/internal/graph/indexer/indexer.go:327.24,328.23 1 0
github.com/tevfik/gleann/internal/graph/indexer/indexer.go:332.4,332.14 1 120
github.com/tevfik/gleann/internal/graph/indexer/indexer.go:337.2,345.12 8 6
github.com/tevfik/gleann/internal/graph/indexer/indexer.go:345.12,346.28 1 6
github.com/tevfik/gleann/internal/graph/indexer/indexer.go:346.28,347.23 1 8
github.com/tevfik/gleann/internal/graph/indexer/indexer.go:347.23,349.5 1 8
github.com/tevfik/gleann/internal/graph/indexer/indexer.go:350.4,354.42 5 8
github.com/tevfik/gleann/internal/graph/indexer/indexer.go:356.3,356.17 1 6
github.com/tevfik/gleann/internal/graph/indexer/indexer.go:359.2,359.20 1 6
github.com/tevfik/gleann/internal/graph/indexer/indexer.go:359.20,361.83 2 6
github.com/tevfik/gleann/internal/graph/indexer/indexer.go:361.83,362.18 1 21
github.com/tevfik/gleann/internal/graph/indexer/indexer.go:362.18,364.5 1 1
github.com/tevfik/gleann/internal/graph/indexer/indexer.go:365.4,365.17 1 20
github.com/tevfik/gleann/internal/graph/indexer/indexer.go:365.17,367.83 2 9
github.com/tevfik/gleann/internal/graph/indexer/indexer.go:367.83,369.6 1 2
github.com/tevfik/gleann/internal/graph/indexer/indexer.go:370.5,370.15 1 7
github.com/tevfik/gleann/internal/graph/indexer/indexer.go:372.4,372.40 1 11
github.com/tevfik/gleann/internal/graph/indexer/indexer.go:372.40,374.5 1 3
github.com/tevfik/gleann/internal/graph/indexer/indexer.go:377.4,377.34 1 8
github.com/tevfik/gleann/internal/graph/indexer/indexer.go:377.34,379.5 1 0
github.com/tevfik/gleann/internal/graph/indexer/indexer.go:381.4,382.18 2 8
github.com/tevfik/gleann/internal/graph/indexer/indexer.go:382.18,384.5 1 0
github.com/tevfik/gleann/internal/graph/indexer/indexer.go:385.4,385.11 1 8
github.com/tevfik/gleann/internal/graph/indexer/indexer.go:386.40,386.40 0 8
github.com/tevfik/gleann/internal/graph/indexer/indexer.go:387.22,388.21 1 0
github.com/tevfik/gleann/internal/graph/indexer/indexer.go:390.4,390.14 1 8
github.com/tevfik/gleann/internal/graph/indexer/indexer.go:394.2,398.17 4 6
github.com/tevfik/gleann/internal/graph/indexer/indexer.go:398.17,400.3 1 1
github.com/tevfik/gleann/internal/graph/indexer/indexer.go:403.2,405.29 3 5
github.com/tevfik/gleann/internal/graph/indexer/indexer.go:405.29,406.25 1 8
github.com/tevfik/gleann/internal/graph/indexer/indexer.go:406.25,409.4 2 8
github.com/tevfik/gleann/internal/graph/indexer/indexer.go:411.2,415.33 4 5
github.com/tevfik/gleann/internal/graph/indexer/indexer.go:415.33,416.28 1 30
github.com/tevfik/gleann/internal/graph/indexer/indexer.go:416.28,419.4 2 24
github.com/tevfik/gleann/internal/graph/indexer/indexer.go:421.2,425.32 4 5
github.com/tevfik/gleann/internal/graph/indexer/indexer.go:425.32,427.25 2 20
github.com/tevfik/gleann/internal/graph/indexer/indexer.go:427.25,430.4 2 20
github.com/tevfik/gleann/internal/graph/indexer/indexer.go:432.2,436.29 4 5
github.com/tevfik/gleann/internal/graph/indexer/indexer.go:436.29,440.78 2 10
github.com/tevfik/gleann/internal/graph/indexer/indexer.go:440.78,443.4 2 10
github.com/tevfik/gleann/internal/graph/indexer/indexer.go:445.2,450.29 4 5
github.com/tevfik/gleann/internal/graph/indexer/indexer.go:450.29,452.75 2 0
github.com/tevfik/gleann/internal/graph/indexer/indexer.go:452.75,455.4 2 0
github.com/tevfik/gleann/internal/graph/indexer/indexer.go:457.2,462.28 4 5
github.com/tevfik/gleann/internal/graph/indexer/indexer.go:462.28,464.79 2 0
github.com/tevfik/gleann/internal/graph/indexer/indexer.go:464.79,467.4 2 0
github.com/tevfik/gleann/internal/graph/indexer/indexer.go:469.2,480.79 6 5
github.com/tevfik/gleann/internal/graph/indexer/indexer.go:480.79,482.3 1 0
github.com/tevfik/gleann/internal/graph/indexer/indexer.go:485.2,485.73 1 5
github.com/tevfik/gleann/internal/graph/indexer/indexer.go:485.73,487.17 2 16
github.com/tevfik/gleann/internal/graph/indexer/indexer.go:487.17,489.4 1 0
github.com/tevfik/gleann/internal/graph/indexer/indexer.go:490.3,494.44 4 16
github.com/tevfik/gleann/internal/graph/indexer/indexer.go:494.44,496.4 1 0
github.com/tevfik/gleann/internal/graph/indexer/indexer.go:497.3,497.77 1 16
github.com/tevfik/gleann/internal/graph/indexer/indexer.go:497.77,499.4 1 0
github.com/tevfik/gleann/internal/graph/indexer/indexer.go:500.3,500.13 1 16
github.com/tevfik/gleann/internal/graph/indexer/indexer.go:504.2,504.23 1 5
github.com/tevfik/gleann/internal/graph/indexer/indexer.go:504.23,505.53 1 4
github.com/tevfik/gleann/internal/graph/indexer/indexer.go:505.53,505.99 1 4
github.com/tevfik/gleann/internal/graph/indexer/indexer.go:505.113,507.4 1 0
github.com/tevfik/gleann/internal/graph/indexer/indexer.go:509.2,509.25 1 5
github.com/tevfik/gleann/internal/graph/indexer/indexer.go:509.25,510.51 1 4
github.com/tevfik/gleann/internal/graph/indexer/indexer.go:510.51,510.101 1 4
github.com/tevfik/gleann/internal/graph/indexer/indexer.go:510.115,512.4 1 0
github.com/tevfik/gleann/internal/graph/indexer/indexer.go:516.2,516.26 1 5
github.com/tevfik/gleann/internal/graph/indexer/indexer.go:516.26,517.53 1 4
github.com/tevfik/gleann/internal/graph/indexer/indexer.go:517.53,517.101 1 4
github.com/tevfik/gleann/internal/graph/indexer/indexer.go:517.115,519.4 1 0
github.com/tevfik/gleann/internal/graph/indexer/indexer.go:521.2,521.23 1 5
github.com/tevfik/gleann/internal/graph/indexer/indexer.go:521.23,522.50 1 4
github.com/tevfik/gleann/internal/graph/indexer/indexer.go:522.50,522.92 1 4
github.com/tevfik/gleann/internal/graph/indexer/indexer.go:522.106,524.4 1 0
github.com/tevfik/gleann/internal/graph/indexer/indexer.go:526.2,526.23 1 5
github.com/tevfik/gleann/internal/graph/indexer/indexer.go:526.23,527.55 1 0
github.com/tevfik/gleann/internal/graph/indexer/indexer.go:527.55,527.102 1 0
github.com/tevfik/gleann/internal/graph/indexer/indexer.go:527.116,529.4 1 0
github.com/tevfik/gleann/internal/graph/indexer/indexer.go:531.2,531.22 1 5
github.com/tevfik/gleann/internal/graph/indexer/indexer.go:531.22,532.55 1 0
github.com/tevfik/gleann/internal/graph/indexer/indexer.go:532.55,532.101 1 0
github.com/tevfik/gleann/internal/graph/indexer/indexer.go:532.115,534.4 1 0
github.com/tevfik/gleann/internal/graph/indexer/indexer.go:537.2,538.39 2 5
github.com/tevfik/gleann/internal/graph/indexer/indexer.go:538.39,540.3 1 0
github.com/tevfik/gleann/internal/graph/indexer/indexer.go:544.2,544.26 1 5
github.com/tevfik/gleann/internal/graph/indexer/indexer.go:544.26,545.47 1 1
github.com/tevfik/gleann/internal/graph/indexer/indexer.go:545.47,547.4 1 0
github.com/tevfik/gleann/internal/graph/indexer/indexer.go:549.2,549.12 1 5
github.com/tevfik/gleann/internal/graph/indexer/indexer.go:563.54,564.21 1 12
github.com/tevfik/gleann/internal/graph/indexer/indexer.go:564.21,566.3 1 2
github.com/tevfik/gleann/internal/graph/indexer/indexer.go:573.2,580.32 4 10
github.com/tevfik/gleann/internal/graph/indexer/indexer.go:580.32,582.17 2 10
github.com/tevfik/gleann/internal/graph/indexer/indexer.go:582.17,584.4 1 0
github.com/tevfik/gleann/internal/graph/indexer/indexer.go:585.3,585.27 1 10
github.com/tevfik/gleann/internal/graph/indexer/indexer.go:585.27,587.14 2 8
github.com/tevfik/gleann/internal/graph/indexer/indexer.go:587.14,589.13 2 2
github.com/tevfik/gleann/internal/graph/indexer/indexer.go:592.4,592.25 1 6
github.com/tevfik/gleann/internal/graph/indexer/indexer.go:592.25,595.13 3 1
github.com/tevfik/gleann/internal/graph/indexer/indexer.go:597.4,597.73 1 5
github.com/tevfik/gleann/internal/graph/indexer/indexer.go:598.9,600.4 1 2
github.com/tevfik/gleann/internal/graph/indexer/indexer.go:602.2,602.17 1 10
github.com/tevfik/gleann/internal/graph/indexer/indexer.go:602.17,604.3 1 3
github.com/tevfik/gleann/internal/graph/indexer/indexer.go:605.2,605.25 1 10
github.com/tevfik/gleann/internal/graph/indexer/indexer.go:605.25,607.3 1 3
github.com/tevfik/gleann/internal/graph/indexer/indexer.go:610.2,610.30 1 7
github.com/tevfik/gleann/internal/graph/indexer/indexer.go:610.30,611.61 1 7
github.com/tevfik/gleann/internal/graph/indexer/indexer.go:611.61,613.4 1 0
github.com/tevfik/gleann/internal/graph/indexer/indexer.go:616.2,630.30 5 7
github.com/tevfik/gleann/internal/graph/indexer/indexer.go:630.30,632.21 2 7
github.com/tevfik/gleann/internal/graph/indexer/indexer.go:632.21,633.11 1 7
github.com/tevfik/gleann/internal/graph/indexer/indexer.go:634.22,635.21 1 0
github.com/tevfik/gleann/internal/graph/indexer/indexer.go:636.12,636.12 0 7
github.com/tevfik/gleann/internal/graph/indexer/indexer.go:638.4,639.18 2 7
github.com/tevfik/gleann/internal/graph/indexer/indexer.go:639.18,641.5 1 0
github.com/tevfik/gleann/internal/graph/indexer/indexer.go:642.4,643.18 2 7
github.com/tevfik/gleann/internal/graph/indexer/indexer.go:643.18,645.5 1 0
github.com/tevfik/gleann/internal/graph/indexer/indexer.go:646.4,647.14 2 7
github.com/tevfik/gleann/internal/graph/indexer/indexer.go:650.2,650.33 1 7
github.com/tevfik/gleann/internal/graph/indexer/indexer.go:650.33,652.3 1 0
github.com/tevfik/gleann/internal/graph/indexer/indexer.go:655.2,661.30 7 7
github.com/tevfik/gleann/internal/graph/indexer/indexer.go:661.30,662.22 1 7
github.com/tevfik/gleann/internal/graph/indexer/indexer.go:662.22,664.4 1 7
github.com/tevfik/gleann/internal/graph/indexer/indexer.go:665.3,669.41 5 7
github.com/tevfik/gleann/internal/graph/indexer/indexer.go:673.2,675.33 3 7
github.com/tevfik/gleann/internal/graph/indexer/indexer.go:675.33,676.28 1 34
github.com/tevfik/gleann/internal/graph/indexer/indexer.go:676.28,679.4 2 26
github.com/tevfik/gleann/internal/graph/indexer/indexer.go:681.2,686.32 4 7
github.com/tevfik/gleann/internal/graph/indexer/indexer.go:686.32,688.25 2 22
github.com/tevfik/gleann/internal/graph/indexer/indexer.go:688.25,691.4 2 22
github.com/tevfik/gleann/internal/graph/indexer/indexer.go:693.2,698.29 4 7
github.com/tevfik/gleann/internal/graph/indexer/indexer.go:698.29,700.78 2 12
github.com/tevfik/gleann/internal/graph/indexer/indexer.go:700.78,703.4 2 12
github.com/tevfik/gleann/internal/graph/indexer/indexer.go:705.2,710.29 4 7
github.com/tevfik/gleann/internal/graph/indexer/indexer.go:710.29,712.75 2 0
github.com/tevfik/gleann/internal/graph/indexer/indexer.go:712.75,715.4 2 0
github.com/tevfik/gleann/internal/graph/indexer/indexer.go:717.2,722.28 4 7
github.com/tevfik/gleann/internal/graph/indexer/indexer.go:722.28,724.79 2 0
github.com/tevfik/gleann/internal/graph/indexer/indexer.go:724.79,727.4 2 0
github.com/tevfik/gleann/internal/graph/indexer/indexer.go:729.2,741.29 7 7
github.com/tevfik/gleann/internal/graph/indexer/indexer.go:741.29,743.3 1 7
github.com/tevfik/gleann/internal/graph/indexer/indexer.go:744.2,744.68 1 7
github.com/tevfik/gleann/internal/graph/indexer/indexer.go:744.68,746.3 1 0
github.com/tevfik/gleann/internal/graph/indexer/indexer.go:749.2,749.73 1 7
github.com/tevfik/gleann/internal/graph/indexer/indexer.go:749.73,751.17 2 25
github.com/tevfik/gleann/internal/graph/indexer/indexer.go:751.17,753.4 1 0
github.com/tevfik/gleann/internal/graph/indexer/indexer.go:754.3,758.44 4 25
github.com/tevfik/gleann/internal/graph/indexer/indexer.go:758.44,760.4 1 0
github.com/tevfik/gleann/internal/graph/indexer/indexer.go:761.3,761.77 1 25
github.com/tevfik/gleann/internal/graph/indexer/indexer.go:761.77,763.4 1 0
github.com/tevfik/gleann/internal/graph/indexer/indexer.go:764.3,764.13 1 25
github.com/tevfik/gleann/internal/graph/indexer/indexer.go:767.2,767.23 1 7
github.com/tevfik/gleann/internal/graph/indexer/indexer.go:767.23,768.53 1 7
github.com/tevfik/gleann/internal/graph/indexer/indexer.go:768.53,768.99 1 7
github.com/tevfik/gleann/internal/graph/indexer/indexer.go:768.113,770.4 1 0
github.com/tevfik/gleann/internal/graph/indexer/indexer.go:772.2,772.25 1 7
github.com/tevfik/gleann/internal/graph/indexer/indexer.go:772.25,773.51 1 7
github.com/tevfik/gleann/internal/graph/indexer/indexer.go:773.51,773.101 1 7
github.com/tevfik/gleann/internal/graph/indexer/indexer.go:773.115,775.4 1 0
github.com/tevfik/gleann/internal/graph/indexer/indexer.go:777.2,777.26 1 7
github.com/tevfik/gleann/internal/graph/indexer/indexer.go:777.26,778.53 1 7
github.com/tevfik/gleann/internal/graph/indexer/indexer.go:778.53,778.101 1 7
github.com/tevfik/gleann/internal/graph/indexer/indexer.go:778.115,780.4 1 0
github.com/tevfik/gleann/internal/graph/indexer/indexer.go:782.2,782.23 1 7
github.com/tevfik/gleann/internal/graph/indexer/indexer.go:782.23,783.50 1 4
github.com/tevfik/gleann/internal/graph/indexer/indexer.go:783.50,783.92 1 4
github.com/tevfik/gleann/internal/graph/indexer/indexer.go:783.106,785.4 1 0
github.com/tevfik/gleann/internal/graph/indexer/indexer.go:787.2,787.23 1 7
github.com/tevfik/gleann/internal/graph/indexer/indexer.go:787.23,788.55 1 0
github.com/tevfik/gleann/internal/graph/indexer/indexer.go:788.55,788.102 1 0
github.com/tevfik/gleann/internal/graph/indexer/indexer.go:788.116,790.4 1 0
github.com/tevfik/gleann/internal/graph/indexer/indexer.go:792.2,792.22 1 7
github.com/tevfik/gleann/internal/graph/indexer/indexer.go:792.22,793.55 1 0
github.com/tevfik/gleann/internal/graph/indexer/indexer.go:793.55,793.101 1 0
github.com/tevfik/gleann/internal/graph/indexer/indexer.go:793.115,795.4 1 0
github.com/tevfik/gleann/internal/graph/indexer/indexer.go:798.2,804.26 3 7
github.com/tevfik/gleann/internal/graph/indexer/indexer.go:804.26,806.32 2 5
github.com/tevfik/gleann/internal/graph/indexer/indexer.go:806.32,808.4 1 22
github.com/tevfik/gleann/internal/graph/indexer/indexer.go:809.3,809.31 1 5
github.com/tevfik/gleann/internal/graph/indexer/indexer.go:809.31,812.22 3 5
github.com/tevfik/gleann/internal/graph/indexer/indexer.go:812.22,814.5 1 5
github.com/tevfik/gleann/internal/graph/indexer/indexer.go:815.4,816.23 2 5
github.com/tevfik/gleann/internal/graph/indexer/indexer.go:816.23,818.5 1 5
github.com/tevfik/gleann/internal/graph/indexer/indexer.go:819.4,819.106 1 5
github.com/tevfik/gleann/internal/graph/indexer/indexer.go:819.106,821.5 1 0
github.com/tevfik/gleann/internal/graph/indexer/indexer.go:824.2,824.12 1 7
github.com/tevfik/gleann/internal/graph/indexer/indexer.go:828.52,830.16 2 57
github.com/tevfik/gleann/internal/graph/indexer/indexer.go:830.16,832.3 1 0
github.com/tevfik/gleann/internal/graph/indexer/indexer.go:833.2,833.12 1 57
github.com/tevfik/gleann/internal/graph/indexer/indexer.go:838.65,841.16 3 347
github.com/tevfik/gleann/internal/graph/indexer/indexer.go:841.16,843.3 1 182
github.com/tevfik/gleann/internal/graph/indexer/indexer.go:845.2,846.22 2 347
github.com/tevfik/gleann/internal/graph/indexer/indexer.go:846.22,847.16 1 347
github.com/tevfik/gleann/internal/graph/indexer/indexer.go:847.16,849.4 1 165
github.com/tevfik/gleann/internal/graph/indexer/indexer.go:849.9,851.4 1 182
github.com/tevfik/gleann/internal/graph/indexer/indexer.go:852.8,854.3 1 0
github.com/tevfik/gleann/internal/graph/indexer/indexer.go:856.2,856.18 1 347
github.com/tevfik/gleann/internal/graph/indexer/indexer.go:856.18,858.3 1 0
github.com/tevfik/gleann/internal/graph/indexer/indexer.go:859.2,859.34 1 347
github.com/tevfik/gleann/internal/graph/indexer/indexer.go:864.40,867.16 3 0
github.com/tevfik/gleann/internal/graph/indexer/indexer.go:867.16,869.3 1 0
github.com/tevfik/gleann/internal/graph/indexer/indexer.go:870.2,873.21 3 0
github.com/tevfik/gleann/internal/graph/indexer/indexer.go:873.21,875.41 2 0
github.com/tevfik/gleann/internal/graph/indexer/indexer.go:875.41,877.4 1 0
github.com/tevfik/gleann/internal/graph/indexer/indexer.go:879.2,879.27 1 0
github.com/tevfik/gleann/internal/graph/indexer/indexer.go:897.63,901.29 3 58
github.com/tevfik/gleann/internal/graph/indexer/indexer.go:901.29,906.39 3 538
github.com/tevfik/gleann/internal/graph/indexer/indexer.go:906.39,908.4 1 40
github.com/tevfik/gleann/internal/graph/indexer/indexer.go:908.9,908.82 1 498
github.com/tevfik/gleann/internal/graph/indexer/indexer.go:908.82,910.4 1 6
github.com/tevfik/gleann/internal/graph/indexer/indexer.go:910.9,910.46 1 492
github.com/tevfik/gleann/internal/graph/indexer/indexer.go:910.46,912.4 1 0
github.com/tevfik/gleann/internal/graph/indexer/indexer.go:914.3,914.20 1 538
github.com/tevfik/gleann/internal/graph/indexer/indexer.go:914.20,915.12 1 492
github.com/tevfik/gleann/internal/graph/indexer/indexer.go:918.3,919.47 2 46
github.com/tevfik/gleann/internal/graph/indexer/indexer.go:919.47,920.40 1 596
github.com/tevfik/gleann/internal/graph/indexer/indexer.go:920.40,923.25 3 6
github.com/tevfik/gleann/internal/graph/indexer/indexer.go:923.25,925.36 1 6
github.com/tevfik/gleann/internal/graph/indexer/indexer.go:925.36,927.7 1 6
github.com/tevfik/gleann/internal/graph/indexer/indexer.go:929.5,934.10 2 6
github.com/tevfik/gleann/internal/graph/indexer/indexer.go:938.2,938.15 1 58
github.com/tevfik/gleann/internal/graph/indexer/indexer.go:943.89,944.25 1 131
github.com/tevfik/gleann/internal/graph/indexer/indexer.go:944.25,946.3 1 128
github.com/tevfik/gleann/internal/graph/indexer/indexer.go:948.2,950.53 2 3
github.com/tevfik/gleann/internal/graph/indexer/indexer.go:950.53,951.35 1 31
github.com/tevfik/gleann/internal/graph/indexer/indexer.go:951.35,953.4 1 3
github.com/tevfik/gleann/internal/graph/indexer/indexer.go:956.2,956.21 1 3
github.com/tevfik/gleann/internal/graph/indexer/indexer.go:956.21,958.3 1 1
github.com/tevfik/gleann/internal/graph/indexer/indexer.go:959.2,959.34 1 2
github.com/tevfik/gleann/internal/graph/indexer/json_helpers.go:7.42,7.68 1 117
github.com/tevfik/gleann/internal/graph/indexer/json_helpers.go:8.46,8.80 1 1
github.com/tevfik/gleann/internal/graph/indexer/tracker.go:17.40,21.2 1 70
github.com/tevfik/gleann/internal/graph/indexer/tracker.go:25.52,27.16 2 8
github.com/tevfik/gleann/internal/graph/indexer/tracker.go:27.16,29.3 1 0
github.com/tevfik/gleann/internal/graph/indexer/tracker.go:31.2,35.13 4 8
github.com/tevfik/gleann/internal/graph/indexer/tracker.go:35.13,37.3 1 8
github.com/tevfik/gleann/internal/graph/indexer/tracker.go:39.2,39.39 1 0
github.com/tevfik/gleann/internal/graph/indexer/tracker.go:43.49,45.16 2 42
github.com/tevfik/gleann/internal/graph/indexer/tracker.go:45.16,47.3 1 13
github.com/tevfik/gleann/internal/graph/indexer/tracker.go:49.2,51.16 3 29
github.com/tevfik/gleann/internal/graph/indexer/tracker.go:55.34,59.2 3 0
github.com/tevfik/gleann/internal/graph/indexer/ts_calls.go:136.210,138.9 2 33
github.com/tevfik/gleann/internal/graph/indexer/ts_calls.go:138.9,140.3 1 0
github.com/tevfik/gleann/internal/graph/indexer/ts_calls.go:141.2,142.15 2 33
github.com/tevfik/gleann/internal/graph/indexer/ts_calls.go:142.15,144.3 1 0
github.com/tevfik/gleann/internal/graph/indexer/ts_calls.go:146.2,151.28 5 33
github.com/tevfik/gleann/internal/graph/indexer/ts_calls.go:151.28,152.85 1 81
github.com/tevfik/gleann/internal/graph/indexer/ts_calls.go:152.85,154.4 1 64
github.com/tevfik/gleann/internal/graph/indexer/ts_calls.go:157.2,159.6 2 33
github.com/tevfik/gleann/internal/graph/indexer/ts_calls.go:159.6,161.10 2 55
github.com/tevfik/gleann/internal/graph/indexer/ts_calls.go:161.10,162.9 1 33
github.com/tevfik/gleann/internal/graph/indexer/ts_calls.go:164.3,169.34 4 22
github.com/tevfik/gleann/internal/graph/indexer/ts_calls.go:169.34,171.22 2 44
github.com/tevfik/gleann/internal/graph/indexer/ts_calls.go:171.22,173.5 1 22
github.com/tevfik/gleann/internal/graph/indexer/ts_calls.go:174.4,174.22 1 44
github.com/tevfik/gleann/internal/graph/indexer/ts_calls.go:174.22,176.5 1 22
github.com/tevfik/gleann/internal/graph/indexer/ts_calls.go:178.3,178.23 1 22
github.com/tevfik/gleann/internal/graph/indexer/ts_calls.go:178.23,179.12 1 0
github.com/tevfik/gleann/internal/graph/indexer/ts_calls.go:182.3,183.30 2 22
github.com/tevfik/gleann/internal/graph/indexer/ts_calls.go:183.30,184.58 1 33
github.com/tevfik/gleann/internal/graph/indexer/ts_calls.go:184.58,186.10 2 21
github.com/tevfik/gleann/internal/graph/indexer/ts_calls.go:189.3,189.22 1 22
github.com/tevfik/gleann/internal/graph/indexer/ts_calls.go:189.22,193.4 3 1
github.com/tevfik/gleann/internal/graph/indexer/ts_calls.go:195.3,196.29 2 22
github.com/tevfik/gleann/internal/graph/indexer/ts_calls.go:196.29,197.12 1 0
github.com/tevfik/gleann/internal/graph/indexer/ts_calls.go:200.3,201.20 2 22
github.com/tevfik/gleann/internal/graph/indexer/ts_calls.go:201.20,202.12 1 0
github.com/tevfik/gleann/internal/graph/indexer/ts_calls.go:204.3,207.109 3 22
github.com/tevfik/gleann/internal/graph/indexer/ts_calls.go:210.2,210.26 1 33
